Archive member included because of file (symbol)

../libopencm3/lib/libopencm3_stm32f3.a(rcc.o)
                              simple_i2c.o (rcc_clock_setup_hsi)
../libopencm3/lib/libopencm3_stm32f3.a(i2c.o)
                              simple_i2c.o (i2c_reset)
../libopencm3/lib/libopencm3_stm32f3.a(gpio_common_f0234.o)
                              simple_i2c.o (gpio_mode_setup)
../libopencm3/lib/libopencm3_stm32f3.a(usart_common_all.o)
                              simple_i2c.o (usart_set_baudrate)
../libopencm3/lib/libopencm3_stm32f3.a(flash_common_f234.o)
                              ../libopencm3/lib/libopencm3_stm32f3.a(rcc.o) (flash_set_ws)
../libopencm3/lib/libopencm3_stm32f3.a(rcc_common_all.o)
                              ../libopencm3/lib/libopencm3_stm32f3.a(i2c.o) (rcc_peripheral_reset)
../libopencm3/lib/libopencm3_stm32f3.a(vector.o)
                              (reset_handler)
../libopencm3/lib/libopencm3_stm32f3.a(assert.o)
                              ../libopencm3/lib/libopencm3_stm32f3.a(rcc.o) (cm3_assert_failed)
../libopencm3/lib/libopencm3_stm32f3.a(usart.o)
                              ../libopencm3/lib/libopencm3_stm32f3.a(usart_common_all.o) (usart_send)

Discarded input sections

 .text          0x00000000        0x0 simple_i2c.o
 .data          0x00000000        0x0 simple_i2c.o
 .bss           0x00000000        0x0 simple_i2c.o
 .group         0x00000000        0x8 ../libopencm3/lib/libopencm3_stm32f3.a(rcc.o)
 .group         0x00000000        0x8 ../libopencm3/lib/libopencm3_stm32f3.a(rcc.o)
 .group         0x00000000        0x8 ../libopencm3/lib/libopencm3_stm32f3.a(rcc.o)
 .group         0x00000000        0x8 ../libopencm3/lib/libopencm3_stm32f3.a(rcc.o)
 .group         0x00000000        0x8 ../libopencm3/lib/libopencm3_stm32f3.a(rcc.o)
 .group         0x00000000        0x8 ../libopencm3/lib/libopencm3_stm32f3.a(rcc.o)
 .group         0x00000000        0x8 ../libopencm3/lib/libopencm3_stm32f3.a(rcc.o)
 .group         0x00000000        0x8 ../libopencm3/lib/libopencm3_stm32f3.a(rcc.o)
 .group         0x00000000        0x8 ../libopencm3/lib/libopencm3_stm32f3.a(rcc.o)
 .group         0x00000000        0x8 ../libopencm3/lib/libopencm3_stm32f3.a(rcc.o)
 .group         0x00000000        0x8 ../libopencm3/lib/libopencm3_stm32f3.a(rcc.o)
 .text          0x00000000        0x0 ../libopencm3/lib/libopencm3_stm32f3.a(rcc.o)
 .data          0x00000000        0x0 ../libopencm3/lib/libopencm3_stm32f3.a(rcc.o)
 .bss           0x00000000        0x0 ../libopencm3/lib/libopencm3_stm32f3.a(rcc.o)
 .text.rcc_osc_ready_int_clear
                0x00000000       0x48 ../libopencm3/lib/libopencm3_stm32f3.a(rcc.o)
 .text.rcc_osc_ready_int_enable
                0x00000000       0x48 ../libopencm3/lib/libopencm3_stm32f3.a(rcc.o)
 .text.rcc_osc_ready_int_disable
                0x00000000       0x48 ../libopencm3/lib/libopencm3_stm32f3.a(rcc.o)
 .text.rcc_osc_ready_int_flag
                0x00000000       0x44 ../libopencm3/lib/libopencm3_stm32f3.a(rcc.o)
 .text.rcc_css_int_clear
                0x00000000       0x10 ../libopencm3/lib/libopencm3_stm32f3.a(rcc.o)
 .text.rcc_css_int_flag
                0x00000000       0x10 ../libopencm3/lib/libopencm3_stm32f3.a(rcc.o)
 .text.rcc_css_enable
                0x00000000       0x10 ../libopencm3/lib/libopencm3_stm32f3.a(rcc.o)
 .text.rcc_css_disable
                0x00000000       0x10 ../libopencm3/lib/libopencm3_stm32f3.a(rcc.o)
 .text.rcc_osc_bypass_enable
                0x00000000       0x28 ../libopencm3/lib/libopencm3_stm32f3.a(rcc.o)
 .text.rcc_osc_bypass_disable
                0x00000000       0x28 ../libopencm3/lib/libopencm3_stm32f3.a(rcc.o)
 .text.rcc_get_system_clock_source
                0x00000000       0x10 ../libopencm3/lib/libopencm3_stm32f3.a(rcc.o)
 .text.rcc_backupdomain_reset
                0x00000000       0x18 ../libopencm3/lib/libopencm3_stm32f3.a(rcc.o)
 .text.rcc_set_i2c_clock_sysclk
                0x00000000       0x30 ../libopencm3/lib/libopencm3_stm32f3.a(rcc.o)
 .text.rcc_get_i2c_clocks
                0x00000000       0x10 ../libopencm3/lib/libopencm3_stm32f3.a(rcc.o)
 .text.rcc_usb_prescale_1_5
                0x00000000       0x10 ../libopencm3/lib/libopencm3_stm32f3.a(rcc.o)
 .text.rcc_usb_prescale_1
                0x00000000       0x10 ../libopencm3/lib/libopencm3_stm32f3.a(rcc.o)
 .data.rcc_ahb_frequency
                0x00000000        0x4 ../libopencm3/lib/libopencm3_stm32f3.a(rcc.o)
 .group         0x00000000        0x8 ../libopencm3/lib/libopencm3_stm32f3.a(i2c.o)
 .group         0x00000000        0x8 ../libopencm3/lib/libopencm3_stm32f3.a(i2c.o)
 .group         0x00000000        0x8 ../libopencm3/lib/libopencm3_stm32f3.a(i2c.o)
 .group         0x00000000        0x8 ../libopencm3/lib/libopencm3_stm32f3.a(i2c.o)
 .group         0x00000000        0x8 ../libopencm3/lib/libopencm3_stm32f3.a(i2c.o)
 .group         0x00000000        0x8 ../libopencm3/lib/libopencm3_stm32f3.a(i2c.o)
 .group         0x00000000        0x8 ../libopencm3/lib/libopencm3_stm32f3.a(i2c.o)
 .group         0x00000000        0x8 ../libopencm3/lib/libopencm3_stm32f3.a(i2c.o)
 .text          0x00000000        0x0 ../libopencm3/lib/libopencm3_stm32f3.a(i2c.o)
 .data          0x00000000        0x0 ../libopencm3/lib/libopencm3_stm32f3.a(i2c.o)
 .bss           0x00000000        0x0 ../libopencm3/lib/libopencm3_stm32f3.a(i2c.o)
 .text.i2c_send_stop
                0x00000000        0xa ../libopencm3/lib/libopencm3_stm32f3.a(i2c.o)
 .text.i2c_clear_stop
                0x00000000        0xa ../libopencm3/lib/libopencm3_stm32f3.a(i2c.o)
 .text.i2c_set_own_7bit_slave_address
                0x00000000       0x16 ../libopencm3/lib/libopencm3_stm32f3.a(i2c.o)
 .text.i2c_set_own_10bit_slave_address
                0x00000000        0x8 ../libopencm3/lib/libopencm3_stm32f3.a(i2c.o)
 .text.i2c_send_data
                0x00000000        0x4 ../libopencm3/lib/libopencm3_stm32f3.a(i2c.o)
 .text.i2c_get_data
                0x00000000        0x6 ../libopencm3/lib/libopencm3_stm32f3.a(i2c.o)
 .text.i2c_disable_analog_filter
                0x00000000        0xa ../libopencm3/lib/libopencm3_stm32f3.a(i2c.o)
 .text.i2c_disable_stretching
                0x00000000        0xa ../libopencm3/lib/libopencm3_stm32f3.a(i2c.o)
 .text.i2c_set_10bit_addr_mode
                0x00000000        0xa ../libopencm3/lib/libopencm3_stm32f3.a(i2c.o)
 .text.i2c_set_10bit_address
                0x00000000       0x14 ../libopencm3/lib/libopencm3_stm32f3.a(i2c.o)
 .text.i2c_transfer_complete
                0x00000000        0x8 ../libopencm3/lib/libopencm3_stm32f3.a(i2c.o)
 .text.i2c_enable_interrupt
                0x00000000        0x8 ../libopencm3/lib/libopencm3_stm32f3.a(i2c.o)
 .text.i2c_disable_interrupt
                0x00000000        0xa ../libopencm3/lib/libopencm3_stm32f3.a(i2c.o)
 .text.i2c_enable_rxdma
                0x00000000        0xa ../libopencm3/lib/libopencm3_stm32f3.a(i2c.o)
 .text.i2c_disable_rxdma
                0x00000000        0xa ../libopencm3/lib/libopencm3_stm32f3.a(i2c.o)
 .text.i2c_enable_txdma
                0x00000000        0xa ../libopencm3/lib/libopencm3_stm32f3.a(i2c.o)
 .text.i2c_disable_txdma
                0x00000000        0xa ../libopencm3/lib/libopencm3_stm32f3.a(i2c.o)
 .debug_macro   0x00000000      0x802 ../libopencm3/lib/libopencm3_stm32f3.a(i2c.o)
 .debug_macro   0x00000000      0x214 ../libopencm3/lib/libopencm3_stm32f3.a(i2c.o)
 .debug_macro   0x00000000       0x22 ../libopencm3/lib/libopencm3_stm32f3.a(i2c.o)
 .debug_macro   0x00000000       0xfa ../libopencm3/lib/libopencm3_stm32f3.a(i2c.o)
 .debug_macro   0x00000000       0x52 ../libopencm3/lib/libopencm3_stm32f3.a(i2c.o)
 .debug_macro   0x00000000      0x18a ../libopencm3/lib/libopencm3_stm32f3.a(i2c.o)
 .debug_macro   0x00000000      0x3c9 ../libopencm3/lib/libopencm3_stm32f3.a(i2c.o)
 .debug_macro   0x00000000      0x712 ../libopencm3/lib/libopencm3_stm32f3.a(i2c.o)
 .group         0x00000000        0x8 ../libopencm3/lib/libopencm3_stm32f3.a(gpio_common_f0234.o)
 .group         0x00000000        0x8 ../libopencm3/lib/libopencm3_stm32f3.a(gpio_common_f0234.o)
 .group         0x00000000        0x8 ../libopencm3/lib/libopencm3_stm32f3.a(gpio_common_f0234.o)
 .group         0x00000000        0x8 ../libopencm3/lib/libopencm3_stm32f3.a(gpio_common_f0234.o)
 .group         0x00000000        0x8 ../libopencm3/lib/libopencm3_stm32f3.a(gpio_common_f0234.o)
 .group         0x00000000        0x8 ../libopencm3/lib/libopencm3_stm32f3.a(gpio_common_f0234.o)
 .group         0x00000000        0x8 ../libopencm3/lib/libopencm3_stm32f3.a(gpio_common_f0234.o)
 .group         0x00000000        0x8 ../libopencm3/lib/libopencm3_stm32f3.a(gpio_common_f0234.o)
 .text          0x00000000        0x0 ../libopencm3/lib/libopencm3_stm32f3.a(gpio_common_f0234.o)
 .data          0x00000000        0x0 ../libopencm3/lib/libopencm3_stm32f3.a(gpio_common_f0234.o)
 .bss           0x00000000        0x0 ../libopencm3/lib/libopencm3_stm32f3.a(gpio_common_f0234.o)
 .text.gpio_set_output_options
                0x00000000       0x38 ../libopencm3/lib/libopencm3_stm32f3.a(gpio_common_f0234.o)
 .debug_macro   0x00000000      0x802 ../libopencm3/lib/libopencm3_stm32f3.a(gpio_common_f0234.o)
 .debug_macro   0x00000000      0x214 ../libopencm3/lib/libopencm3_stm32f3.a(gpio_common_f0234.o)
 .debug_macro   0x00000000       0x22 ../libopencm3/lib/libopencm3_stm32f3.a(gpio_common_f0234.o)
 .debug_macro   0x00000000       0xfa ../libopencm3/lib/libopencm3_stm32f3.a(gpio_common_f0234.o)
 .debug_macro   0x00000000       0x52 ../libopencm3/lib/libopencm3_stm32f3.a(gpio_common_f0234.o)
 .debug_macro   0x00000000      0x18a ../libopencm3/lib/libopencm3_stm32f3.a(gpio_common_f0234.o)
 .group         0x00000000        0x8 ../libopencm3/lib/libopencm3_stm32f3.a(usart_common_all.o)
 .group         0x00000000        0x8 ../libopencm3/lib/libopencm3_stm32f3.a(usart_common_all.o)
 .group         0x00000000        0x8 ../libopencm3/lib/libopencm3_stm32f3.a(usart_common_all.o)
 .group         0x00000000        0x8 ../libopencm3/lib/libopencm3_stm32f3.a(usart_common_all.o)
 .group         0x00000000        0x8 ../libopencm3/lib/libopencm3_stm32f3.a(usart_common_all.o)
 .group         0x00000000        0x8 ../libopencm3/lib/libopencm3_stm32f3.a(usart_common_all.o)
 .group         0x00000000        0x8 ../libopencm3/lib/libopencm3_stm32f3.a(usart_common_all.o)
 .group         0x00000000        0x8 ../libopencm3/lib/libopencm3_stm32f3.a(usart_common_all.o)
 .group         0x00000000        0x8 ../libopencm3/lib/libopencm3_stm32f3.a(usart_common_all.o)
 .text          0x00000000        0x0 ../libopencm3/lib/libopencm3_stm32f3.a(usart_common_all.o)
 .data          0x00000000        0x0 ../libopencm3/lib/libopencm3_stm32f3.a(usart_common_all.o)
 .bss           0x00000000        0x0 ../libopencm3/lib/libopencm3_stm32f3.a(usart_common_all.o)
 .text.usart_disable
                0x00000000        0xa ../libopencm3/lib/libopencm3_stm32f3.a(usart_common_all.o)
 .text.usart_recv_blocking
                0x00000000       0x12 ../libopencm3/lib/libopencm3_stm32f3.a(usart_common_all.o)
 .text.usart_enable_rx_dma
                0x00000000        0xa ../libopencm3/lib/libopencm3_stm32f3.a(usart_common_all.o)
 .text.usart_disable_rx_dma
                0x00000000        0xa ../libopencm3/lib/libopencm3_stm32f3.a(usart_common_all.o)
 .text.usart_enable_tx_dma
                0x00000000        0xa ../libopencm3/lib/libopencm3_stm32f3.a(usart_common_all.o)
 .text.usart_disable_tx_dma
                0x00000000        0xa ../libopencm3/lib/libopencm3_stm32f3.a(usart_common_all.o)
 .text.usart_enable_rx_interrupt
                0x00000000        0xa ../libopencm3/lib/libopencm3_stm32f3.a(usart_common_all.o)
 .text.usart_disable_rx_interrupt
                0x00000000        0xa ../libopencm3/lib/libopencm3_stm32f3.a(usart_common_all.o)
 .text.usart_enable_tx_interrupt
                0x00000000        0xa ../libopencm3/lib/libopencm3_stm32f3.a(usart_common_all.o)
 .text.usart_disable_tx_interrupt
                0x00000000        0xa ../libopencm3/lib/libopencm3_stm32f3.a(usart_common_all.o)
 .text.usart_enable_error_interrupt
                0x00000000        0xa ../libopencm3/lib/libopencm3_stm32f3.a(usart_common_all.o)
 .text.usart_disable_error_interrupt
                0x00000000        0xa ../libopencm3/lib/libopencm3_stm32f3.a(usart_common_all.o)
 .debug_macro   0x00000000      0x802 ../libopencm3/lib/libopencm3_stm32f3.a(usart_common_all.o)
 .debug_macro   0x00000000      0x214 ../libopencm3/lib/libopencm3_stm32f3.a(usart_common_all.o)
 .debug_macro   0x00000000       0x22 ../libopencm3/lib/libopencm3_stm32f3.a(usart_common_all.o)
 .debug_macro   0x00000000       0xfa ../libopencm3/lib/libopencm3_stm32f3.a(usart_common_all.o)
 .debug_macro   0x00000000       0x52 ../libopencm3/lib/libopencm3_stm32f3.a(usart_common_all.o)
 .debug_macro   0x00000000      0x18a ../libopencm3/lib/libopencm3_stm32f3.a(usart_common_all.o)
 .debug_macro   0x00000000      0x712 ../libopencm3/lib/libopencm3_stm32f3.a(usart_common_all.o)
 .group         0x00000000        0x8 ../libopencm3/lib/libopencm3_stm32f3.a(flash_common_f234.o)
 .group         0x00000000        0x8 ../libopencm3/lib/libopencm3_stm32f3.a(flash_common_f234.o)
 .group         0x00000000        0x8 ../libopencm3/lib/libopencm3_stm32f3.a(flash_common_f234.o)
 .group         0x00000000        0x8 ../libopencm3/lib/libopencm3_stm32f3.a(flash_common_f234.o)
 .group         0x00000000        0x8 ../libopencm3/lib/libopencm3_stm32f3.a(flash_common_f234.o)
 .group         0x00000000        0x8 ../libopencm3/lib/libopencm3_stm32f3.a(flash_common_f234.o)
 .group         0x00000000        0x8 ../libopencm3/lib/libopencm3_stm32f3.a(flash_common_f234.o)
 .group         0x00000000        0x8 ../libopencm3/lib/libopencm3_stm32f3.a(flash_common_f234.o)
 .text          0x00000000        0x0 ../libopencm3/lib/libopencm3_stm32f3.a(flash_common_f234.o)
 .data          0x00000000        0x0 ../libopencm3/lib/libopencm3_stm32f3.a(flash_common_f234.o)
 .bss           0x00000000        0x0 ../libopencm3/lib/libopencm3_stm32f3.a(flash_common_f234.o)
 .text.flash_unlock
                0x00000000       0x24 ../libopencm3/lib/libopencm3_stm32f3.a(flash_common_f234.o)
 .text.flash_lock
                0x00000000       0x10 ../libopencm3/lib/libopencm3_stm32f3.a(flash_common_f234.o)
 .text.flash_clear_pgperr_flag
                0x00000000       0x10 ../libopencm3/lib/libopencm3_stm32f3.a(flash_common_f234.o)
 .text.flash_clear_eop_flag
                0x00000000       0x10 ../libopencm3/lib/libopencm3_stm32f3.a(flash_common_f234.o)
 .text.flash_clear_bsy_flag
                0x00000000       0x10 ../libopencm3/lib/libopencm3_stm32f3.a(flash_common_f234.o)
 .text.flash_wait_for_last_operation
                0x00000000       0x10 ../libopencm3/lib/libopencm3_stm32f3.a(flash_common_f234.o)
 .debug_macro   0x00000000      0x802 ../libopencm3/lib/libopencm3_stm32f3.a(flash_common_f234.o)
 .debug_macro   0x00000000      0x214 ../libopencm3/lib/libopencm3_stm32f3.a(flash_common_f234.o)
 .debug_macro   0x00000000       0x22 ../libopencm3/lib/libopencm3_stm32f3.a(flash_common_f234.o)
 .debug_macro   0x00000000       0xfa ../libopencm3/lib/libopencm3_stm32f3.a(flash_common_f234.o)
 .debug_macro   0x00000000       0x52 ../libopencm3/lib/libopencm3_stm32f3.a(flash_common_f234.o)
 .debug_macro   0x00000000      0x18a ../libopencm3/lib/libopencm3_stm32f3.a(flash_common_f234.o)
 .debug_macro   0x00000000       0x64 ../libopencm3/lib/libopencm3_stm32f3.a(flash_common_f234.o)
 .debug_macro   0x00000000       0x88 ../libopencm3/lib/libopencm3_stm32f3.a(flash_common_f234.o)
 .group         0x00000000        0x8 ../libopencm3/lib/libopencm3_stm32f3.a(rcc_common_all.o)
 .group         0x00000000        0x8 ../libopencm3/lib/libopencm3_stm32f3.a(rcc_common_all.o)
 .group         0x00000000        0x8 ../libopencm3/lib/libopencm3_stm32f3.a(rcc_common_all.o)
 .group         0x00000000        0x8 ../libopencm3/lib/libopencm3_stm32f3.a(rcc_common_all.o)
 .group         0x00000000        0x8 ../libopencm3/lib/libopencm3_stm32f3.a(rcc_common_all.o)
 .group         0x00000000        0x8 ../libopencm3/lib/libopencm3_stm32f3.a(rcc_common_all.o)
 .group         0x00000000        0x8 ../libopencm3/lib/libopencm3_stm32f3.a(rcc_common_all.o)
 .text          0x00000000        0x0 ../libopencm3/lib/libopencm3_stm32f3.a(rcc_common_all.o)
 .data          0x00000000        0x0 ../libopencm3/lib/libopencm3_stm32f3.a(rcc_common_all.o)
 .bss           0x00000000        0x0 ../libopencm3/lib/libopencm3_stm32f3.a(rcc_common_all.o)
 .text.rcc_peripheral_enable_clock
                0x00000000        0x8 ../libopencm3/lib/libopencm3_stm32f3.a(rcc_common_all.o)
 .text.rcc_peripheral_disable_clock
                0x00000000        0xa ../libopencm3/lib/libopencm3_stm32f3.a(rcc_common_all.o)
 .text.rcc_periph_clock_disable
                0x00000000       0x1e ../libopencm3/lib/libopencm3_stm32f3.a(rcc_common_all.o)
 .text.rcc_periph_reset_pulse
                0x00000000       0x24 ../libopencm3/lib/libopencm3_stm32f3.a(rcc_common_all.o)
 .text.rcc_periph_reset_hold
                0x00000000       0x1c ../libopencm3/lib/libopencm3_stm32f3.a(rcc_common_all.o)
 .text.rcc_periph_reset_release
                0x00000000       0x1e ../libopencm3/lib/libopencm3_stm32f3.a(rcc_common_all.o)
 .text.rcc_set_mco
                0x00000000       0x14 ../libopencm3/lib/libopencm3_stm32f3.a(rcc_common_all.o)
 .debug_macro   0x00000000      0x802 ../libopencm3/lib/libopencm3_stm32f3.a(rcc_common_all.o)
 .debug_macro   0x00000000      0x214 ../libopencm3/lib/libopencm3_stm32f3.a(rcc_common_all.o)
 .debug_macro   0x00000000       0x22 ../libopencm3/lib/libopencm3_stm32f3.a(rcc_common_all.o)
 .debug_macro   0x00000000       0xfa ../libopencm3/lib/libopencm3_stm32f3.a(rcc_common_all.o)
 .debug_macro   0x00000000       0x52 ../libopencm3/lib/libopencm3_stm32f3.a(rcc_common_all.o)
 .debug_macro   0x00000000      0x18a ../libopencm3/lib/libopencm3_stm32f3.a(rcc_common_all.o)
 .debug_macro   0x00000000      0x712 ../libopencm3/lib/libopencm3_stm32f3.a(rcc_common_all.o)
 .group         0x00000000        0x8 ../libopencm3/lib/libopencm3_stm32f3.a(vector.o)
 .group         0x00000000        0x8 ../libopencm3/lib/libopencm3_stm32f3.a(vector.o)
 .group         0x00000000        0x8 ../libopencm3/lib/libopencm3_stm32f3.a(vector.o)
 .group         0x00000000        0x8 ../libopencm3/lib/libopencm3_stm32f3.a(vector.o)
 .group         0x00000000        0x8 ../libopencm3/lib/libopencm3_stm32f3.a(vector.o)
 .group         0x00000000        0x8 ../libopencm3/lib/libopencm3_stm32f3.a(vector.o)
 .group         0x00000000        0x8 ../libopencm3/lib/libopencm3_stm32f3.a(vector.o)
 .group         0x00000000        0x8 ../libopencm3/lib/libopencm3_stm32f3.a(vector.o)
 .text          0x00000000        0x0 ../libopencm3/lib/libopencm3_stm32f3.a(vector.o)
 .data          0x00000000        0x0 ../libopencm3/lib/libopencm3_stm32f3.a(vector.o)
 .bss           0x00000000        0x0 ../libopencm3/lib/libopencm3_stm32f3.a(vector.o)
 .debug_macro   0x00000000      0x802 ../libopencm3/lib/libopencm3_stm32f3.a(vector.o)
 .debug_macro   0x00000000      0x214 ../libopencm3/lib/libopencm3_stm32f3.a(vector.o)
 .debug_macro   0x00000000       0x22 ../libopencm3/lib/libopencm3_stm32f3.a(vector.o)
 .debug_macro   0x00000000       0xfa ../libopencm3/lib/libopencm3_stm32f3.a(vector.o)
 .debug_macro   0x00000000       0x52 ../libopencm3/lib/libopencm3_stm32f3.a(vector.o)
 .group         0x00000000        0x8 ../libopencm3/lib/libopencm3_stm32f3.a(assert.o)
 .group         0x00000000        0x8 ../libopencm3/lib/libopencm3_stm32f3.a(assert.o)
 .group         0x00000000        0x8 ../libopencm3/lib/libopencm3_stm32f3.a(assert.o)
 .group         0x00000000        0x8 ../libopencm3/lib/libopencm3_stm32f3.a(assert.o)
 .group         0x00000000        0x8 ../libopencm3/lib/libopencm3_stm32f3.a(assert.o)
 .text          0x00000000        0x0 ../libopencm3/lib/libopencm3_stm32f3.a(assert.o)
 .data          0x00000000        0x0 ../libopencm3/lib/libopencm3_stm32f3.a(assert.o)
 .bss           0x00000000        0x0 ../libopencm3/lib/libopencm3_stm32f3.a(assert.o)
 .text.cm3_assert_failed
                0x00000000        0x2 ../libopencm3/lib/libopencm3_stm32f3.a(assert.o)
 .text.cm3_assert_failed_verbose
                0x00000000        0x6 ../libopencm3/lib/libopencm3_stm32f3.a(assert.o)
 .debug_info    0x00000000       0xfb ../libopencm3/lib/libopencm3_stm32f3.a(assert.o)
 .debug_abbrev  0x00000000       0x8b ../libopencm3/lib/libopencm3_stm32f3.a(assert.o)
 .debug_loc     0x00000000       0xa4 ../libopencm3/lib/libopencm3_stm32f3.a(assert.o)
 .debug_aranges
                0x00000000       0x28 ../libopencm3/lib/libopencm3_stm32f3.a(assert.o)
 .debug_ranges  0x00000000       0x18 ../libopencm3/lib/libopencm3_stm32f3.a(assert.o)
 .debug_macro   0x00000000       0x4b ../libopencm3/lib/libopencm3_stm32f3.a(assert.o)
 .debug_macro   0x00000000      0x802 ../libopencm3/lib/libopencm3_stm32f3.a(assert.o)
 .debug_macro   0x00000000      0x214 ../libopencm3/lib/libopencm3_stm32f3.a(assert.o)
 .debug_macro   0x00000000       0x22 ../libopencm3/lib/libopencm3_stm32f3.a(assert.o)
 .debug_macro   0x00000000       0xfa ../libopencm3/lib/libopencm3_stm32f3.a(assert.o)
 .debug_macro   0x00000000       0x16 ../libopencm3/lib/libopencm3_stm32f3.a(assert.o)
 .debug_line    0x00000000      0x178 ../libopencm3/lib/libopencm3_stm32f3.a(assert.o)
 .debug_str     0x00000000     0x2fe4 ../libopencm3/lib/libopencm3_stm32f3.a(assert.o)
 .comment       0x00000000       0x71 ../libopencm3/lib/libopencm3_stm32f3.a(assert.o)
 .ARM.attributes
                0x00000000       0x3b ../libopencm3/lib/libopencm3_stm32f3.a(assert.o)
 .debug_frame   0x00000000       0x38 ../libopencm3/lib/libopencm3_stm32f3.a(assert.o)
 .group         0x00000000        0x8 ../libopencm3/lib/libopencm3_stm32f3.a(usart.o)
 .group         0x00000000        0x8 ../libopencm3/lib/libopencm3_stm32f3.a(usart.o)
 .group         0x00000000        0x8 ../libopencm3/lib/libopencm3_stm32f3.a(usart.o)
 .group         0x00000000        0x8 ../libopencm3/lib/libopencm3_stm32f3.a(usart.o)
 .group         0x00000000        0x8 ../libopencm3/lib/libopencm3_stm32f3.a(usart.o)
 .group         0x00000000        0x8 ../libopencm3/lib/libopencm3_stm32f3.a(usart.o)
 .group         0x00000000        0x8 ../libopencm3/lib/libopencm3_stm32f3.a(usart.o)
 .group         0x00000000        0x8 ../libopencm3/lib/libopencm3_stm32f3.a(usart.o)
 .text          0x00000000        0x0 ../libopencm3/lib/libopencm3_stm32f3.a(usart.o)
 .data          0x00000000        0x0 ../libopencm3/lib/libopencm3_stm32f3.a(usart.o)
 .bss           0x00000000        0x0 ../libopencm3/lib/libopencm3_stm32f3.a(usart.o)
 .text.usart_recv
                0x00000000        0x8 ../libopencm3/lib/libopencm3_stm32f3.a(usart.o)
 .text.usart_wait_recv_ready
                0x00000000        0x8 ../libopencm3/lib/libopencm3_stm32f3.a(usart.o)
 .text.usart_get_flag
                0x00000000        0xc ../libopencm3/lib/libopencm3_stm32f3.a(usart.o)
 .text.usart_get_interrupt_source
                0x00000000       0x30 ../libopencm3/lib/libopencm3_stm32f3.a(usart.o)
 .debug_macro   0x00000000      0x802 ../libopencm3/lib/libopencm3_stm32f3.a(usart.o)
 .debug_macro   0x00000000      0x214 ../libopencm3/lib/libopencm3_stm32f3.a(usart.o)
 .debug_macro   0x00000000       0x22 ../libopencm3/lib/libopencm3_stm32f3.a(usart.o)
 .debug_macro   0x00000000       0xfa ../libopencm3/lib/libopencm3_stm32f3.a(usart.o)
 .debug_macro   0x00000000       0x52 ../libopencm3/lib/libopencm3_stm32f3.a(usart.o)
 .debug_macro   0x00000000      0x18a ../libopencm3/lib/libopencm3_stm32f3.a(usart.o)
 .debug_macro   0x00000000       0x8e ../libopencm3/lib/libopencm3_stm32f3.a(usart.o)
 .debug_macro   0x00000000      0x4ed ../libopencm3/lib/libopencm3_stm32f3.a(usart.o)

Memory Configuration

Name             Origin             Length             Attributes
rom              0x08000000         0x00040000         xr
ram              0x20000000         0x0000a000         xrw
*default*        0x00000000         0xffffffff

Linker script and memory map

LOAD simple_i2c.o
LOAD ../libopencm3/lib/libopencm3_stm32f3.a
START GROUP
LOAD /home/aghosh01/gcc-arm-none-eabi-4_7-2012q4/bin/../lib/gcc/arm-none-eabi/4.7.3/../../../../arm-none-eabi/lib/armv7e-m/fpu/libc.a
LOAD /home/aghosh01/gcc-arm-none-eabi-4_7-2012q4/bin/../lib/gcc/arm-none-eabi/4.7.3/armv7e-m/fpu/libgcc.a
LOAD /home/aghosh01/gcc-arm-none-eabi-4_7-2012q4/bin/../lib/gcc/arm-none-eabi/4.7.3/../../../../arm-none-eabi/lib/armv7e-m/fpu/libnosys.a
END GROUP
START GROUP
LOAD /home/aghosh01/gcc-arm-none-eabi-4_7-2012q4/bin/../lib/gcc/arm-none-eabi/4.7.3/armv7e-m/fpu/libgcc.a
LOAD /home/aghosh01/gcc-arm-none-eabi-4_7-2012q4/bin/../lib/gcc/arm-none-eabi/4.7.3/../../../../arm-none-eabi/lib/armv7e-m/fpu/libc.a
END GROUP

.text           0x08000000      0xad4
 *(.vectors)
 .vectors       0x08000000      0x184 ../libopencm3/lib/libopencm3_stm32f3.a(vector.o)
                0x08000000                vector_table
 *(.text*)
 .text.startup.main
                0x08000184      0x1c8 simple_i2c.o
                0x08000184                main
 .text.rcc_wait_for_osc_ready
                0x0800034c       0x4c ../libopencm3/lib/libopencm3_stm32f3.a(rcc.o)
                0x0800034c                rcc_wait_for_osc_ready
 .text.rcc_wait_for_osc_not_ready
                0x08000398       0x4c ../libopencm3/lib/libopencm3_stm32f3.a(rcc.o)
                0x08000398                rcc_wait_for_osc_not_ready
 .text.rcc_wait_for_sysclk_status
                0x080003e4       0x38 ../libopencm3/lib/libopencm3_stm32f3.a(rcc.o)
                0x080003e4                rcc_wait_for_sysclk_status
 .text.rcc_osc_on
                0x0800041c       0x44 ../libopencm3/lib/libopencm3_stm32f3.a(rcc.o)
                0x0800041c                rcc_osc_on
 .text.rcc_osc_off
                0x08000460       0x44 ../libopencm3/lib/libopencm3_stm32f3.a(rcc.o)
                0x08000460                rcc_osc_off
 .text.rcc_set_sysclk_source
                0x080004a4       0x14 ../libopencm3/lib/libopencm3_stm32f3.a(rcc.o)
                0x080004a4                rcc_set_sysclk_source
 .text.rcc_set_pll_source
                0x080004b8       0x14 ../libopencm3/lib/libopencm3_stm32f3.a(rcc.o)
                0x080004b8                rcc_set_pll_source
 .text.rcc_set_ppre2
                0x080004cc       0x14 ../libopencm3/lib/libopencm3_stm32f3.a(rcc.o)
                0x080004cc                rcc_set_ppre2
 .text.rcc_set_ppre1
                0x080004e0       0x14 ../libopencm3/lib/libopencm3_stm32f3.a(rcc.o)
                0x080004e0                rcc_set_ppre1
 .text.rcc_set_hpre
                0x080004f4       0x14 ../libopencm3/lib/libopencm3_stm32f3.a(rcc.o)
                0x080004f4                rcc_set_hpre
 .text.rcc_set_main_pll_hsi
                0x08000508       0x14 ../libopencm3/lib/libopencm3_stm32f3.a(rcc.o)
                0x08000508                rcc_set_main_pll_hsi
 .text.rcc_clock_setup_hsi
                0x0800051c       0x8c ../libopencm3/lib/libopencm3_stm32f3.a(rcc.o)
                0x0800051c                rcc_clock_setup_hsi
 .text.rcc_set_i2c_clock_hsi
                0x080005a8       0x30 ../libopencm3/lib/libopencm3_stm32f3.a(rcc.o)
                0x080005a8                rcc_set_i2c_clock_hsi
 .text.i2c_reset
                0x080005d8       0x44 ../libopencm3/lib/libopencm3_stm32f3.a(i2c.o)
                0x080005d8                i2c_reset
 .text.i2c_peripheral_enable
                0x0800061c        0xa ../libopencm3/lib/libopencm3_stm32f3.a(i2c.o)
                0x0800061c                i2c_peripheral_enable
 .text.i2c_peripheral_disable
                0x08000626        0xa ../libopencm3/lib/libopencm3_stm32f3.a(i2c.o)
                0x08000626                i2c_peripheral_disable
 .text.i2c_send_start
                0x08000630        0xa ../libopencm3/lib/libopencm3_stm32f3.a(i2c.o)
                0x08000630                i2c_send_start
 .text.i2c_enable_analog_filter
                0x0800063a        0xa ../libopencm3/lib/libopencm3_stm32f3.a(i2c.o)
                0x0800063a                i2c_enable_analog_filter
 .text.i2c_set_digital_filter
                0x08000644        0xc ../libopencm3/lib/libopencm3_stm32f3.a(i2c.o)
                0x08000644                i2c_set_digital_filter
 .text.i2c_set_prescaler
                0x08000650        0xe ../libopencm3/lib/libopencm3_stm32f3.a(i2c.o)
                0x08000650                i2c_set_prescaler
 .text.i2c_set_data_setup_time
                0x0800065e        0xe ../libopencm3/lib/libopencm3_stm32f3.a(i2c.o)
                0x0800065e                i2c_set_data_setup_time
 .text.i2c_set_data_hold_time
                0x0800066c        0xe ../libopencm3/lib/libopencm3_stm32f3.a(i2c.o)
                0x0800066c                i2c_set_data_hold_time
 .text.i2c_set_scl_high_period
                0x0800067a        0xe ../libopencm3/lib/libopencm3_stm32f3.a(i2c.o)
                0x0800067a                i2c_set_scl_high_period
 .text.i2c_set_scl_low_period
                0x08000688        0xc ../libopencm3/lib/libopencm3_stm32f3.a(i2c.o)
                0x08000688                i2c_set_scl_low_period
 .text.i2c_enable_stretching
                0x08000694        0xa ../libopencm3/lib/libopencm3_stm32f3.a(i2c.o)
                0x08000694                i2c_enable_stretching
 .text.i2c_100khz_i2cclk8mhz
                0x0800069e       0x2e ../libopencm3/lib/libopencm3_stm32f3.a(i2c.o)
                0x0800069e                i2c_100khz_i2cclk8mhz
 .text.i2c_set_7bit_addr_mode
                0x080006cc        0xa ../libopencm3/lib/libopencm3_stm32f3.a(i2c.o)
                0x080006cc                i2c_set_7bit_addr_mode
 .text.i2c_set_7bit_address
                0x080006d6       0x12 ../libopencm3/lib/libopencm3_stm32f3.a(i2c.o)
                0x080006d6                i2c_set_7bit_address
 .text.i2c_set_write_transfer_dir
                0x080006e8        0xa ../libopencm3/lib/libopencm3_stm32f3.a(i2c.o)
                0x080006e8                i2c_set_write_transfer_dir
 .text.i2c_set_read_transfer_dir
                0x080006f2        0xa ../libopencm3/lib/libopencm3_stm32f3.a(i2c.o)
                0x080006f2                i2c_set_read_transfer_dir
 .text.i2c_set_bytes_to_transfer
                0x080006fc        0xe ../libopencm3/lib/libopencm3_stm32f3.a(i2c.o)
                0x080006fc                i2c_set_bytes_to_transfer
 .text.i2c_is_start
                0x0800070a        0x8 ../libopencm3/lib/libopencm3_stm32f3.a(i2c.o)
                0x0800070a                i2c_is_start
 .text.i2c_enable_autoend
                0x08000712        0xa ../libopencm3/lib/libopencm3_stm32f3.a(i2c.o)
                0x08000712                i2c_enable_autoend
 .text.i2c_disable_autoend
                0x0800071c        0xa ../libopencm3/lib/libopencm3_stm32f3.a(i2c.o)
                0x0800071c                i2c_disable_autoend
 .text.i2c_nack
                0x08000726        0x8 ../libopencm3/lib/libopencm3_stm32f3.a(i2c.o)
                0x08000726                i2c_nack
 .text.i2c_busy
                0x0800072e        0x8 ../libopencm3/lib/libopencm3_stm32f3.a(i2c.o)
                0x0800072e                i2c_busy
 .text.i2c_transmit_int_status
                0x08000736        0x8 ../libopencm3/lib/libopencm3_stm32f3.a(i2c.o)
                0x08000736                i2c_transmit_int_status
 .text.i2c_received_data
                0x0800073e        0x8 ../libopencm3/lib/libopencm3_stm32f3.a(i2c.o)
                0x0800073e                i2c_received_data
 .text.write_i2c
                0x08000746       0x8e ../libopencm3/lib/libopencm3_stm32f3.a(i2c.o)
                0x08000746                write_i2c
 .text.read_i2c
                0x080007d4       0xa6 ../libopencm3/lib/libopencm3_stm32f3.a(i2c.o)
                0x080007d4                read_i2c
 .text.gpio_mode_setup
                0x0800087a       0x46 ../libopencm3/lib/libopencm3_stm32f3.a(gpio_common_f0234.o)
                0x0800087a                gpio_mode_setup
 .text.gpio_set_af
                0x080008c0       0x56 ../libopencm3/lib/libopencm3_stm32f3.a(gpio_common_f0234.o)
                0x080008c0                gpio_set_af
 *fill*         0x08000916        0x2 00
 .text.usart_set_baudrate
                0x08000918       0x28 ../libopencm3/lib/libopencm3_stm32f3.a(usart_common_all.o)
                0x08000918                usart_set_baudrate
 .text.usart_set_databits
                0x08000940       0x12 ../libopencm3/lib/libopencm3_stm32f3.a(usart_common_all.o)
                0x08000940                usart_set_databits
 .text.usart_set_stopbits
                0x08000952        0xc ../libopencm3/lib/libopencm3_stm32f3.a(usart_common_all.o)
                0x08000952                usart_set_stopbits
 .text.usart_set_parity
                0x0800095e        0xc ../libopencm3/lib/libopencm3_stm32f3.a(usart_common_all.o)
                0x0800095e                usart_set_parity
 .text.usart_set_mode
                0x0800096a        0xc ../libopencm3/lib/libopencm3_stm32f3.a(usart_common_all.o)
                0x0800096a                usart_set_mode
 .text.usart_set_flow_control
                0x08000976        0xc ../libopencm3/lib/libopencm3_stm32f3.a(usart_common_all.o)
                0x08000976                usart_set_flow_control
 .text.usart_enable
                0x08000982        0xa ../libopencm3/lib/libopencm3_stm32f3.a(usart_common_all.o)
                0x08000982                usart_enable
 .text.usart_send_blocking
                0x0800098c       0x16 ../libopencm3/lib/libopencm3_stm32f3.a(usart_common_all.o)
                0x0800098c                usart_send_blocking
 *fill*         0x080009a2        0x2 00
 .text.flash_set_ws
                0x080009a4       0x14 ../libopencm3/lib/libopencm3_stm32f3.a(flash_common_f234.o)
                0x080009a4                flash_set_ws
 .text.rcc_peripheral_reset
                0x080009b8        0x8 ../libopencm3/lib/libopencm3_stm32f3.a(rcc_common_all.o)
                0x080009b8                rcc_peripheral_reset
 .text.rcc_peripheral_clear_reset
                0x080009c0        0xa ../libopencm3/lib/libopencm3_stm32f3.a(rcc_common_all.o)
                0x080009c0                rcc_peripheral_clear_reset
 .text.rcc_periph_clock_enable
                0x080009ca       0x1c ../libopencm3/lib/libopencm3_stm32f3.a(rcc_common_all.o)
                0x080009ca                rcc_periph_clock_enable
 .text.blocking_handler
                0x080009e6        0x2 ../libopencm3/lib/libopencm3_stm32f3.a(vector.o)
                0x080009e6                usb_lp_isr
                0x080009e6                i2c2_ev_exti24_isr
                0x080009e6                usb_hp_isr
                0x080009e6                tim7_isr
                0x080009e6                reserved_12_isr
                0x080009e6                adc1_2_isr
                0x080009e6                reserved_11_isr
                0x080009e6                reserved_7_isr
                0x080009e6                reserved_13_isr
                0x080009e6                blocking_handler
                0x080009e6                rtc_wkup_isr
                0x080009e6                tim1_up_tim16_isr
                0x080009e6                spi1_isr
                0x080009e6                dma1_channel6_isr
                0x080009e6                reserved_5_isr
                0x080009e6                dma1_channel5_isr
                0x080009e6                dma2_channel5_isr
                0x080009e6                tamp_stamp_isr
                0x080009e6                can1_rx1_isr
                0x080009e6                usage_fault_handler
                0x080009e6                tim8_trg_com_isr
                0x080009e6                i2c1_ev_exti23_isr
                0x080009e6                tim1_trg_com_tim17_isr
                0x080009e6                reserved_15_isr
                0x080009e6                usb_wkup_isr
                0x080009e6                can1_sce_isr
                0x080009e6                reserved_3_isr
                0x080009e6                tim1_cc_isr
                0x080009e6                eth_isr
                0x080009e6                reserved_14_isr
                0x080009e6                dma1_channel4_isr
                0x080009e6                tim8_brk_isr
                0x080009e6                dma2_channel4_isr
                0x080009e6                pvd_isr
                0x080009e6                comp123_isr
                0x080009e6                comp456_isr
                0x080009e6                rcc_isr
                0x080009e6                reserved_8_isr
                0x080009e6                flash_isr
                0x080009e6                rtc_alarm_isr
                0x080009e6                reserved_2_isr
                0x080009e6                exti15_10_isr
                0x080009e6                hard_fault_handler
                0x080009e6                exti1_isr
                0x080009e6                dma2_channel1_isr
                0x080009e6                spi2_isr
                0x080009e6                reserved_9_isr
                0x080009e6                nvic_wwdg_isr
                0x080009e6                tim8_up_isr
                0x080009e6                usart1_exti25_isr
                0x080009e6                dma2_channel2_isr
                0x080009e6                adc3_isr
                0x080009e6                exti3_isr
                0x080009e6                tim3_isr
                0x080009e6                i2c2_er_isr
                0x080009e6                reserved_1_isr
                0x080009e6                dma1_channel1_isr
                0x080009e6                exti4_isr
                0x080009e6                tim6_dac_isr
                0x080009e6                mem_manage_handler
                0x080009e6                exti9_5_isr
                0x080009e6                dma2_channel3_isr
                0x080009e6                usb_hp_can1_tx_isr
                0x080009e6                dma1_channel7_isr
                0x080009e6                usart3_exti28_isr
                0x080009e6                reserved_6_isr
                0x080009e6                tim4_isr
                0x080009e6                usb_lp_can1_rx0_isr
                0x080009e6                dma1_channel2_isr
                0x080009e6                i2c1_er_isr
                0x080009e6                tim8_cc_isr
                0x080009e6                comp7_isr
                0x080009e6                uart5_exti35_isr
                0x080009e6                reserved_4_isr
                0x080009e6                bus_fault_handler
                0x080009e6                tim1_brk_tim15_isr
                0x080009e6                dma1_channel3_isr
                0x080009e6                uart4_exti34_isr
                0x080009e6                usart2_exti26_isr
                0x080009e6                spi3_isr
                0x080009e6                reserved_10_isr
                0x080009e6                tim2_isr
                0x080009e6                reserved_16_isr
                0x080009e6                exti2_tsc_isr
                0x080009e6                usb_wkup_a_isr
                0x080009e6                exti0_isr
 .text.null_handler
                0x080009e8        0x2 ../libopencm3/lib/libopencm3_stm32f3.a(vector.o)
                0x080009e8                null_handler
                0x080009e8                sv_call_handler
                0x080009e8                pend_sv_handler
                0x080009e8                debug_monitor_handler
                0x080009e8                sys_tick_handler
                0x080009e8                nmi_handler
 *fill*         0x080009ea        0x2 00
 .text.reset_handler
                0x080009ec       0x90 ../libopencm3/lib/libopencm3_stm32f3.a(vector.o)
                0x080009ec                reset_handler
 .text.usart_send
                0x08000a7c        0x8 ../libopencm3/lib/libopencm3_stm32f3.a(usart.o)
                0x08000a7c                usart_send
 .text.usart_wait_send_ready
                0x08000a84        0x8 ../libopencm3/lib/libopencm3_stm32f3.a(usart.o)
                0x08000a84                usart_wait_send_ready
                0x08000a8c                . = ALIGN (0x4)
 *(.rodata*)
 .rodata.str1.1
                0x08000a8c        0xb simple_i2c.o
 *fill*         0x08000a97        0x1 00
 .rodata.hsi_8mhz
                0x08000a98       0x3c ../libopencm3/lib/libopencm3_stm32f3.a(rcc.o)
                0x08000a98                hsi_8mhz
                0x08000ad4                . = ALIGN (0x4)

.glue_7         0x08000ad4        0x0
 .glue_7        0x00000000        0x0 linker stubs

.glue_7t        0x08000ad4        0x0
 .glue_7t       0x00000000        0x0 linker stubs

.vfp11_veneer   0x08000ad4        0x0
 .vfp11_veneer  0x00000000        0x0 linker stubs

.v4_bx          0x08000ad4        0x0
 .v4_bx         0x00000000        0x0 linker stubs

.iplt           0x08000ad4        0x0
 .iplt          0x00000000        0x0 simple_i2c.o

.rel.dyn        0x08000ad4        0x0
 .rel.iplt      0x00000000        0x0 simple_i2c.o

.preinit_array  0x08000ad4        0x0
                0x08000ad4                . = ALIGN (0x4)
                0x08000ad4                __preinit_array_start = .
 *(.preinit_array)
                0x08000ad4                __preinit_array_end = .

.init_array     0x08000ad4        0x0
                0x08000ad4                . = ALIGN (0x4)
                0x08000ad4                __init_array_start = .
 *(SORT(.init_array.*))
 *(.init_array)
                0x08000ad4                __init_array_end = .

.fini_array     0x08000ad4        0x0
                0x08000ad4                . = ALIGN (0x4)
                0x08000ad4                __fini_array_start = .
 *(.fini_array)
 *(SORT(.fini_array.*))
                0x08000ad4                __fini_array_end = .

.ARM.extab
 *(.ARM.extab*)

.ARM.exidx      0x08000ad4        0x0
                0x08000ad4                __exidx_start = .
 *(.ARM.exidx*)
                0x08000ad4                __exidx_end = .
                0x08000ad4                . = ALIGN (0x4)
                0x08000ad4                _etext = .

.data           0x20000000        0x8 load address 0x08000ad4
                0x20000000                _data = .
 *(.data*)
 .data.rcc_apb1_frequency
                0x20000000        0x4 ../libopencm3/lib/libopencm3_stm32f3.a(rcc.o)
                0x20000000                rcc_apb1_frequency
 .data.rcc_apb2_frequency
                0x20000004        0x4 ../libopencm3/lib/libopencm3_stm32f3.a(rcc.o)
                0x20000004                rcc_apb2_frequency
                0x20000008                . = ALIGN (0x4)
                0x20000008                _edata = .
                0x08000ad4                _data_loadaddr = LOADADDR (.data)

.igot.plt       0x20000008        0x0 load address 0x08000adc
 .igot.plt      0x00000000        0x0 simple_i2c.o

.bss            0x20000008        0x0 load address 0x08000adc
 *(.bss*)
 *(COMMON)
                0x20000008                . = ALIGN (0x4)
                0x20000008                _ebss = .

/DISCARD/
 *(.eh_frame)
                0x20000008                . = ALIGN (0x4)
                0x20000008                end = .
                0x2000a000                PROVIDE (_stack, (ORIGIN (ram) + 0xa000))
OUTPUT(simple_i2c.elf elf32-littlearm)

.debug_info     0x00000000     0x32a0
 .debug_info    0x00000000      0xaea simple_i2c.o
 .debug_info    0x00000aea      0x871 ../libopencm3/lib/libopencm3_stm32f3.a(rcc.o)
 .debug_info    0x0000135b      0xd1f ../libopencm3/lib/libopencm3_stm32f3.a(i2c.o)
 .debug_info    0x0000207a      0x1dd ../libopencm3/lib/libopencm3_stm32f3.a(gpio_common_f0234.o)
 .debug_info    0x00002257      0x525 ../libopencm3/lib/libopencm3_stm32f3.a(usart_common_all.o)
 .debug_info    0x0000277c      0x134 ../libopencm3/lib/libopencm3_stm32f3.a(flash_common_f234.o)
 .debug_info    0x000028b0      0x53f ../libopencm3/lib/libopencm3_stm32f3.a(rcc_common_all.o)
 .debug_info    0x00002def      0x2f0 ../libopencm3/lib/libopencm3_stm32f3.a(vector.o)
 .debug_info    0x000030df      0x1c1 ../libopencm3/lib/libopencm3_stm32f3.a(usart.o)

.debug_abbrev   0x00000000      0xc4f
 .debug_abbrev  0x00000000      0x1fe simple_i2c.o
 .debug_abbrev  0x000001fe      0x2bc ../libopencm3/lib/libopencm3_stm32f3.a(rcc.o)
 .debug_abbrev  0x000004ba      0x251 ../libopencm3/lib/libopencm3_stm32f3.a(i2c.o)
 .debug_abbrev  0x0000070b       0xb9 ../libopencm3/lib/libopencm3_stm32f3.a(gpio_common_f0234.o)
 .debug_abbrev  0x000007c4      0x147 ../libopencm3/lib/libopencm3_stm32f3.a(usart_common_all.o)
 .debug_abbrev  0x0000090b       0x8c ../libopencm3/lib/libopencm3_stm32f3.a(flash_common_f234.o)
 .debug_abbrev  0x00000997       0xc3 ../libopencm3/lib/libopencm3_stm32f3.a(rcc_common_all.o)
 .debug_abbrev  0x00000a5a      0x13c ../libopencm3/lib/libopencm3_stm32f3.a(vector.o)
 .debug_abbrev  0x00000b96       0xb9 ../libopencm3/lib/libopencm3_stm32f3.a(usart.o)

.debug_loc      0x00000000     0x1231
 .debug_loc     0x00000000       0xaa simple_i2c.o
 .debug_loc     0x000000aa      0x642 ../libopencm3/lib/libopencm3_stm32f3.a(rcc.o)
 .debug_loc     0x000006ec      0x553 ../libopencm3/lib/libopencm3_stm32f3.a(i2c.o)
 .debug_loc     0x00000c3f       0xe7 ../libopencm3/lib/libopencm3_stm32f3.a(gpio_common_f0234.o)
 .debug_loc     0x00000d26      0x1d8 ../libopencm3/lib/libopencm3_stm32f3.a(usart_common_all.o)
 .debug_loc     0x00000efe       0x4a ../libopencm3/lib/libopencm3_stm32f3.a(flash_common_f234.o)
 .debug_loc     0x00000f48      0x14a ../libopencm3/lib/libopencm3_stm32f3.a(rcc_common_all.o)
 .debug_loc     0x00001092       0xcb ../libopencm3/lib/libopencm3_stm32f3.a(vector.o)
 .debug_loc     0x0000115d       0xd4 ../libopencm3/lib/libopencm3_stm32f3.a(usart.o)

.debug_aranges  0x00000000      0x4b0
 .debug_aranges
                0x00000000       0x20 simple_i2c.o
 .debug_aranges
                0x00000020      0x100 ../libopencm3/lib/libopencm3_stm32f3.a(rcc.o)
 .debug_aranges
                0x00000120      0x178 ../libopencm3/lib/libopencm3_stm32f3.a(i2c.o)
 .debug_aranges
                0x00000298       0x30 ../libopencm3/lib/libopencm3_stm32f3.a(gpio_common_f0234.o)
 .debug_aranges
                0x000002c8       0xb8 ../libopencm3/lib/libopencm3_stm32f3.a(usart_common_all.o)
 .debug_aranges
                0x00000380       0x50 ../libopencm3/lib/libopencm3_stm32f3.a(flash_common_f234.o)
 .debug_aranges
                0x000003d0       0x68 ../libopencm3/lib/libopencm3_stm32f3.a(rcc_common_all.o)
 .debug_aranges
                0x00000438       0x30 ../libopencm3/lib/libopencm3_stm32f3.a(vector.o)
 .debug_aranges
                0x00000468       0x48 ../libopencm3/lib/libopencm3_stm32f3.a(usart.o)

.debug_ranges   0x00000000      0x498
 .debug_ranges  0x00000000       0x70 simple_i2c.o
 .debug_ranges  0x00000070       0xf0 ../libopencm3/lib/libopencm3_stm32f3.a(rcc.o)
 .debug_ranges  0x00000160      0x180 ../libopencm3/lib/libopencm3_stm32f3.a(i2c.o)
 .debug_ranges  0x000002e0       0x20 ../libopencm3/lib/libopencm3_stm32f3.a(gpio_common_f0234.o)
 .debug_ranges  0x00000300       0xa8 ../libopencm3/lib/libopencm3_stm32f3.a(usart_common_all.o)
 .debug_ranges  0x000003a8       0x40 ../libopencm3/lib/libopencm3_stm32f3.a(flash_common_f234.o)
 .debug_ranges  0x000003e8       0x58 ../libopencm3/lib/libopencm3_stm32f3.a(rcc_common_all.o)
 .debug_ranges  0x00000440       0x20 ../libopencm3/lib/libopencm3_stm32f3.a(vector.o)
 .debug_ranges  0x00000460       0x38 ../libopencm3/lib/libopencm3_stm32f3.a(usart.o)

.debug_line     0x00000000     0x1d6b
 .debug_line    0x00000000      0x1e1 simple_i2c.o
 .debug_line    0x000001e1      0x4ce ../libopencm3/lib/libopencm3_stm32f3.a(rcc.o)
 .debug_line    0x000006af      0x58f ../libopencm3/lib/libopencm3_stm32f3.a(i2c.o)
 .debug_line    0x00000c3e      0x2ac ../libopencm3/lib/libopencm3_stm32f3.a(gpio_common_f0234.o)
 .debug_line    0x00000eea      0x3ba ../libopencm3/lib/libopencm3_stm32f3.a(usart_common_all.o)
 .debug_line    0x000012a4      0x2a5 ../libopencm3/lib/libopencm3_stm32f3.a(flash_common_f234.o)
 .debug_line    0x00001549      0x2c0 ../libopencm3/lib/libopencm3_stm32f3.a(rcc_common_all.o)
 .debug_line    0x00001809      0x2d4 ../libopencm3/lib/libopencm3_stm32f3.a(vector.o)
 .debug_line    0x00001add      0x28e ../libopencm3/lib/libopencm3_stm32f3.a(usart.o)

.debug_str      0x00000000     0xcf54
 .debug_str     0x00000000      0x53b simple_i2c.o
                                0x61a (size before relaxing)
 .debug_str     0x0000053b     0x7122 ../libopencm3/lib/libopencm3_stm32f3.a(rcc.o)
                               0x72fa (size before relaxing)
 .debug_str     0x0000765d      0x321 ../libopencm3/lib/libopencm3_stm32f3.a(i2c.o)
                               0x6e0f (size before relaxing)
 .debug_str     0x0000797e      0xdc7 ../libopencm3/lib/libopencm3_stm32f3.a(gpio_common_f0234.o)
                               0x486e (size before relaxing)
 .debug_str     0x00008745     0x1ac6 ../libopencm3/lib/libopencm3_stm32f3.a(usart_common_all.o)
                               0x7507 (size before relaxing)
 .debug_str     0x0000a20b       0x96 ../libopencm3/lib/libopencm3_stm32f3.a(flash_common_f234.o)
                               0x3fdb (size before relaxing)
 .debug_str     0x0000a2a1      0x301 ../libopencm3/lib/libopencm3_stm32f3.a(rcc_common_all.o)
                               0x5ec3 (size before relaxing)
 .debug_str     0x0000a5a2     0x2977 ../libopencm3/lib/libopencm3_stm32f3.a(vector.o)
                               0x59c5 (size before relaxing)
 .debug_str     0x0000cf19       0x3b ../libopencm3/lib/libopencm3_stm32f3.a(usart.o)
                               0x544e (size before relaxing)

.comment        0x00000000       0x70
 .comment       0x00000000       0x70 simple_i2c.o
                                 0x71 (size before relaxing)
 .comment       0x00000000       0x71 ../libopencm3/lib/libopencm3_stm32f3.a(rcc.o)
 .comment       0x00000000       0x71 ../libopencm3/lib/libopencm3_stm32f3.a(i2c.o)
 .comment       0x00000000       0x71 ../libopencm3/lib/libopencm3_stm32f3.a(gpio_common_f0234.o)
 .comment       0x00000000       0x71 ../libopencm3/lib/libopencm3_stm32f3.a(usart_common_all.o)
 .comment       0x00000000       0x71 ../libopencm3/lib/libopencm3_stm32f3.a(flash_common_f234.o)
 .comment       0x00000000       0x71 ../libopencm3/lib/libopencm3_stm32f3.a(rcc_common_all.o)
 .comment       0x00000000       0x71 ../libopencm3/lib/libopencm3_stm32f3.a(vector.o)
 .comment       0x00000000       0x71 ../libopencm3/lib/libopencm3_stm32f3.a(usart.o)

.ARM.attributes
                0x00000000       0x3b
 .ARM.attributes
                0x00000000       0x3b simple_i2c.o
 .ARM.attributes
                0x0000003b       0x3b ../libopencm3/lib/libopencm3_stm32f3.a(rcc.o)
 .ARM.attributes
                0x00000076       0x3b ../libopencm3/lib/libopencm3_stm32f3.a(i2c.o)
 .ARM.attributes
                0x000000b1       0x3b ../libopencm3/lib/libopencm3_stm32f3.a(gpio_common_f0234.o)
 .ARM.attributes
                0x000000ec       0x3b ../libopencm3/lib/libopencm3_stm32f3.a(usart_common_all.o)
 .ARM.attributes
                0x00000127       0x3b ../libopencm3/lib/libopencm3_stm32f3.a(flash_common_f234.o)
 .ARM.attributes
                0x00000162       0x3b ../libopencm3/lib/libopencm3_stm32f3.a(rcc_common_all.o)
 .ARM.attributes
                0x0000019d       0x3b ../libopencm3/lib/libopencm3_stm32f3.a(vector.o)
 .ARM.attributes
                0x000001d8       0x3b ../libopencm3/lib/libopencm3_stm32f3.a(usart.o)

.debug_frame    0x00000000      0x8d0
 .debug_frame   0x00000000       0x30 simple_i2c.o
 .debug_frame   0x00000030      0x1f0 ../libopencm3/lib/libopencm3_stm32f3.a(rcc.o)
 .debug_frame   0x00000220      0x300 ../libopencm3/lib/libopencm3_stm32f3.a(i2c.o)
 .debug_frame   0x00000520       0x6c ../libopencm3/lib/libopencm3_stm32f3.a(gpio_common_f0234.o)
 .debug_frame   0x0000058c      0x164 ../libopencm3/lib/libopencm3_stm32f3.a(usart_common_all.o)
 .debug_frame   0x000006f0       0x80 ../libopencm3/lib/libopencm3_stm32f3.a(flash_common_f234.o)
 .debug_frame   0x00000770       0xb0 ../libopencm3/lib/libopencm3_stm32f3.a(rcc_common_all.o)
 .debug_frame   0x00000820       0x40 ../libopencm3/lib/libopencm3_stm32f3.a(vector.o)
 .debug_frame   0x00000860       0x70 ../libopencm3/lib/libopencm3_stm32f3.a(usart.o)

.debug_macro    0x00000000     0x2c24
 .debug_macro   0x00000000       0xae ../libopencm3/lib/libopencm3_stm32f3.a(rcc.o)
 .debug_macro   0x000000ae      0x802 ../libopencm3/lib/libopencm3_stm32f3.a(rcc.o)
 .debug_macro   0x000008b0      0x214 ../libopencm3/lib/libopencm3_stm32f3.a(rcc.o)
 .debug_macro   0x00000ac4       0x22 ../libopencm3/lib/libopencm3_stm32f3.a(rcc.o)
 .debug_macro   0x00000ae6       0xfa ../libopencm3/lib/libopencm3_stm32f3.a(rcc.o)
 .debug_macro   0x00000be0       0x16 ../libopencm3/lib/libopencm3_stm32f3.a(rcc.o)
 .debug_macro   0x00000bf6       0x52 ../libopencm3/lib/libopencm3_stm32f3.a(rcc.o)
 .debug_macro   0x00000c48      0x18a ../libopencm3/lib/libopencm3_stm32f3.a(rcc.o)
 .debug_macro   0x00000dd2      0x712 ../libopencm3/lib/libopencm3_stm32f3.a(rcc.o)
 .debug_macro   0x000014e4       0x64 ../libopencm3/lib/libopencm3_stm32f3.a(rcc.o)
 .debug_macro   0x00001548       0x88 ../libopencm3/lib/libopencm3_stm32f3.a(rcc.o)
 .debug_macro   0x000015d0      0x3c9 ../libopencm3/lib/libopencm3_stm32f3.a(rcc.o)
 .debug_macro   0x00001999       0x83 ../libopencm3/lib/libopencm3_stm32f3.a(i2c.o)
 .debug_macro   0x00001a1c       0x84 ../libopencm3/lib/libopencm3_stm32f3.a(gpio_common_f0234.o)
 .debug_macro   0x00001aa0       0x76 ../libopencm3/lib/libopencm3_stm32f3.a(gpio_common_f0234.o)
 .debug_macro   0x00001b16      0x2e6 ../libopencm3/lib/libopencm3_stm32f3.a(gpio_common_f0234.o)
 .debug_macro   0x00001dfc       0x92 ../libopencm3/lib/libopencm3_stm32f3.a(usart_common_all.o)
 .debug_macro   0x00001e8e       0x8e ../libopencm3/lib/libopencm3_stm32f3.a(usart_common_all.o)
 .debug_macro   0x00001f1c      0x4ed ../libopencm3/lib/libopencm3_stm32f3.a(usart_common_all.o)
 .debug_macro   0x00002409       0x7a ../libopencm3/lib/libopencm3_stm32f3.a(flash_common_f234.o)
 .debug_macro   0x00002483       0x90 ../libopencm3/lib/libopencm3_stm32f3.a(rcc_common_all.o)
 .debug_macro   0x00002513       0x95 ../libopencm3/lib/libopencm3_stm32f3.a(vector.o)
 .debug_macro   0x000025a8       0x6b ../libopencm3/lib/libopencm3_stm32f3.a(vector.o)
 .debug_macro   0x00002613      0x1f0 ../libopencm3/lib/libopencm3_stm32f3.a(vector.o)
 .debug_macro   0x00002803      0x3a7 ../libopencm3/lib/libopencm3_stm32f3.a(vector.o)
 .debug_macro   0x00002baa       0x7a ../libopencm3/lib/libopencm3_stm32f3.a(usart.o)
