Archive member included because of file (symbol)

../libopencm3/lib/libopencm3_stm32f3.a(rcc.o)
                              systick_demo.o (rcc_clock_setup_hsi)
../libopencm3/lib/libopencm3_stm32f3.a(gpio_common_all.o)
                              systick_demo.o (gpio_toggle)
../libopencm3/lib/libopencm3_stm32f3.a(gpio_common_f0234.o)
                              systick_demo.o (gpio_mode_setup)
../libopencm3/lib/libopencm3_stm32f3.a(flash_common_f234.o)
                              ../libopencm3/lib/libopencm3_stm32f3.a(rcc.o) (flash_set_ws)
../libopencm3/lib/libopencm3_stm32f3.a(rcc_common_all.o)
                              systick_demo.o (rcc_periph_clock_enable)
../libopencm3/lib/libopencm3_stm32f3.a(vector.o)
                              (reset_handler)
../libopencm3/lib/libopencm3_stm32f3.a(systick.o)
                              systick_demo.o (systick_set_reload)
../libopencm3/lib/libopencm3_stm32f3.a(assert.o)
                              ../libopencm3/lib/libopencm3_stm32f3.a(rcc.o) (cm3_assert_failed)

Discarded input sections

 .text          0x00000000        0x0 systick_demo.o
 .data          0x00000000        0x0 systick_demo.o
 .bss           0x00000000        0x0 systick_demo.o
 .group         0x00000000        0x8 ../libopencm3/lib/libopencm3_stm32f3.a(rcc.o)
 .group         0x00000000        0x8 ../libopencm3/lib/libopencm3_stm32f3.a(rcc.o)
 .group         0x00000000        0x8 ../libopencm3/lib/libopencm3_stm32f3.a(rcc.o)
 .group         0x00000000        0x8 ../libopencm3/lib/libopencm3_stm32f3.a(rcc.o)
 .group         0x00000000        0x8 ../libopencm3/lib/libopencm3_stm32f3.a(rcc.o)
 .group         0x00000000        0x8 ../libopencm3/lib/libopencm3_stm32f3.a(rcc.o)
 .group         0x00000000        0x8 ../libopencm3/lib/libopencm3_stm32f3.a(rcc.o)
 .group         0x00000000        0x8 ../libopencm3/lib/libopencm3_stm32f3.a(rcc.o)
 .group         0x00000000        0x8 ../libopencm3/lib/libopencm3_stm32f3.a(rcc.o)
 .group         0x00000000        0x8 ../libopencm3/lib/libopencm3_stm32f3.a(rcc.o)
 .group         0x00000000        0x8 ../libopencm3/lib/libopencm3_stm32f3.a(rcc.o)
 .text          0x00000000        0x0 ../libopencm3/lib/libopencm3_stm32f3.a(rcc.o)
 .data          0x00000000        0x0 ../libopencm3/lib/libopencm3_stm32f3.a(rcc.o)
 .bss           0x00000000        0x0 ../libopencm3/lib/libopencm3_stm32f3.a(rcc.o)
 .text.rcc_osc_ready_int_clear
                0x00000000       0x48 ../libopencm3/lib/libopencm3_stm32f3.a(rcc.o)
 .text.rcc_osc_ready_int_enable
                0x00000000       0x48 ../libopencm3/lib/libopencm3_stm32f3.a(rcc.o)
 .text.rcc_osc_ready_int_disable
                0x00000000       0x48 ../libopencm3/lib/libopencm3_stm32f3.a(rcc.o)
 .text.rcc_osc_ready_int_flag
                0x00000000       0x44 ../libopencm3/lib/libopencm3_stm32f3.a(rcc.o)
 .text.rcc_css_int_clear
                0x00000000       0x10 ../libopencm3/lib/libopencm3_stm32f3.a(rcc.o)
 .text.rcc_css_int_flag
                0x00000000       0x10 ../libopencm3/lib/libopencm3_stm32f3.a(rcc.o)
 .text.rcc_css_enable
                0x00000000       0x10 ../libopencm3/lib/libopencm3_stm32f3.a(rcc.o)
 .text.rcc_css_disable
                0x00000000       0x10 ../libopencm3/lib/libopencm3_stm32f3.a(rcc.o)
 .text.rcc_osc_bypass_enable
                0x00000000       0x28 ../libopencm3/lib/libopencm3_stm32f3.a(rcc.o)
 .text.rcc_osc_bypass_disable
                0x00000000       0x28 ../libopencm3/lib/libopencm3_stm32f3.a(rcc.o)
 .text.rcc_get_system_clock_source
                0x00000000       0x10 ../libopencm3/lib/libopencm3_stm32f3.a(rcc.o)
 .text.rcc_backupdomain_reset
                0x00000000       0x18 ../libopencm3/lib/libopencm3_stm32f3.a(rcc.o)
 .text.rcc_set_i2c_clock_hsi
                0x00000000       0x30 ../libopencm3/lib/libopencm3_stm32f3.a(rcc.o)
 .text.rcc_set_i2c_clock_sysclk
                0x00000000       0x30 ../libopencm3/lib/libopencm3_stm32f3.a(rcc.o)
 .text.rcc_get_i2c_clocks
                0x00000000       0x10 ../libopencm3/lib/libopencm3_stm32f3.a(rcc.o)
 .text.rcc_usb_prescale_1_5
                0x00000000       0x10 ../libopencm3/lib/libopencm3_stm32f3.a(rcc.o)
 .text.rcc_usb_prescale_1
                0x00000000       0x10 ../libopencm3/lib/libopencm3_stm32f3.a(rcc.o)
 .data.rcc_ahb_frequency
                0x00000000        0x4 ../libopencm3/lib/libopencm3_stm32f3.a(rcc.o)
 .group         0x00000000        0x8 ../libopencm3/lib/libopencm3_stm32f3.a(gpio_common_all.o)
 .group         0x00000000        0x8 ../libopencm3/lib/libopencm3_stm32f3.a(gpio_common_all.o)
 .group         0x00000000        0x8 ../libopencm3/lib/libopencm3_stm32f3.a(gpio_common_all.o)
 .group         0x00000000        0x8 ../libopencm3/lib/libopencm3_stm32f3.a(gpio_common_all.o)
 .group         0x00000000        0x8 ../libopencm3/lib/libopencm3_stm32f3.a(gpio_common_all.o)
 .group         0x00000000        0x8 ../libopencm3/lib/libopencm3_stm32f3.a(gpio_common_all.o)
 .group         0x00000000        0x8 ../libopencm3/lib/libopencm3_stm32f3.a(gpio_common_all.o)
 .group         0x00000000        0x8 ../libopencm3/lib/libopencm3_stm32f3.a(gpio_common_all.o)
 .text          0x00000000        0x0 ../libopencm3/lib/libopencm3_stm32f3.a(gpio_common_all.o)
 .data          0x00000000        0x0 ../libopencm3/lib/libopencm3_stm32f3.a(gpio_common_all.o)
 .bss           0x00000000        0x0 ../libopencm3/lib/libopencm3_stm32f3.a(gpio_common_all.o)
 .text.gpio_set
                0x00000000        0x4 ../libopencm3/lib/libopencm3_stm32f3.a(gpio_common_all.o)
 .text.gpio_clear
                0x00000000        0x6 ../libopencm3/lib/libopencm3_stm32f3.a(gpio_common_all.o)
 .text.gpio_get
                0x00000000        0x6 ../libopencm3/lib/libopencm3_stm32f3.a(gpio_common_all.o)
 .text.gpio_port_read
                0x00000000        0x6 ../libopencm3/lib/libopencm3_stm32f3.a(gpio_common_all.o)
 .text.gpio_port_write
                0x00000000        0x4 ../libopencm3/lib/libopencm3_stm32f3.a(gpio_common_all.o)
 .text.gpio_port_config_lock
                0x00000000       0x10 ../libopencm3/lib/libopencm3_stm32f3.a(gpio_common_all.o)
 .debug_macro   0x00000000      0x802 ../libopencm3/lib/libopencm3_stm32f3.a(gpio_common_all.o)
 .debug_macro   0x00000000      0x214 ../libopencm3/lib/libopencm3_stm32f3.a(gpio_common_all.o)
 .debug_macro   0x00000000       0x22 ../libopencm3/lib/libopencm3_stm32f3.a(gpio_common_all.o)
 .debug_macro   0x00000000       0xfa ../libopencm3/lib/libopencm3_stm32f3.a(gpio_common_all.o)
 .debug_macro   0x00000000       0x52 ../libopencm3/lib/libopencm3_stm32f3.a(gpio_common_all.o)
 .debug_macro   0x00000000      0x18a ../libopencm3/lib/libopencm3_stm32f3.a(gpio_common_all.o)
 .group         0x00000000        0x8 ../libopencm3/lib/libopencm3_stm32f3.a(gpio_common_f0234.o)
 .group         0x00000000        0x8 ../libopencm3/lib/libopencm3_stm32f3.a(gpio_common_f0234.o)
 .group         0x00000000        0x8 ../libopencm3/lib/libopencm3_stm32f3.a(gpio_common_f0234.o)
 .group         0x00000000        0x8 ../libopencm3/lib/libopencm3_stm32f3.a(gpio_common_f0234.o)
 .group         0x00000000        0x8 ../libopencm3/lib/libopencm3_stm32f3.a(gpio_common_f0234.o)
 .group         0x00000000        0x8 ../libopencm3/lib/libopencm3_stm32f3.a(gpio_common_f0234.o)
 .group         0x00000000        0x8 ../libopencm3/lib/libopencm3_stm32f3.a(gpio_common_f0234.o)
 .group         0x00000000        0x8 ../libopencm3/lib/libopencm3_stm32f3.a(gpio_common_f0234.o)
 .text          0x00000000        0x0 ../libopencm3/lib/libopencm3_stm32f3.a(gpio_common_f0234.o)
 .data          0x00000000        0x0 ../libopencm3/lib/libopencm3_stm32f3.a(gpio_common_f0234.o)
 .bss           0x00000000        0x0 ../libopencm3/lib/libopencm3_stm32f3.a(gpio_common_f0234.o)
 .text.gpio_set_output_options
                0x00000000       0x38 ../libopencm3/lib/libopencm3_stm32f3.a(gpio_common_f0234.o)
 .text.gpio_set_af
                0x00000000       0x56 ../libopencm3/lib/libopencm3_stm32f3.a(gpio_common_f0234.o)
 .debug_macro   0x00000000      0x802 ../libopencm3/lib/libopencm3_stm32f3.a(gpio_common_f0234.o)
 .debug_macro   0x00000000      0x214 ../libopencm3/lib/libopencm3_stm32f3.a(gpio_common_f0234.o)
 .debug_macro   0x00000000       0x22 ../libopencm3/lib/libopencm3_stm32f3.a(gpio_common_f0234.o)
 .debug_macro   0x00000000       0xfa ../libopencm3/lib/libopencm3_stm32f3.a(gpio_common_f0234.o)
 .debug_macro   0x00000000       0x52 ../libopencm3/lib/libopencm3_stm32f3.a(gpio_common_f0234.o)
 .debug_macro   0x00000000      0x18a ../libopencm3/lib/libopencm3_stm32f3.a(gpio_common_f0234.o)
 .debug_macro   0x00000000       0x76 ../libopencm3/lib/libopencm3_stm32f3.a(gpio_common_f0234.o)
 .debug_macro   0x00000000      0x2e6 ../libopencm3/lib/libopencm3_stm32f3.a(gpio_common_f0234.o)
 .group         0x00000000        0x8 ../libopencm3/lib/libopencm3_stm32f3.a(flash_common_f234.o)
 .group         0x00000000        0x8 ../libopencm3/lib/libopencm3_stm32f3.a(flash_common_f234.o)
 .group         0x00000000        0x8 ../libopencm3/lib/libopencm3_stm32f3.a(flash_common_f234.o)
 .group         0x00000000        0x8 ../libopencm3/lib/libopencm3_stm32f3.a(flash_common_f234.o)
 .group         0x00000000        0x8 ../libopencm3/lib/libopencm3_stm32f3.a(flash_common_f234.o)
 .group         0x00000000        0x8 ../libopencm3/lib/libopencm3_stm32f3.a(flash_common_f234.o)
 .group         0x00000000        0x8 ../libopencm3/lib/libopencm3_stm32f3.a(flash_common_f234.o)
 .group         0x00000000        0x8 ../libopencm3/lib/libopencm3_stm32f3.a(flash_common_f234.o)
 .text          0x00000000        0x0 ../libopencm3/lib/libopencm3_stm32f3.a(flash_common_f234.o)
 .data          0x00000000        0x0 ../libopencm3/lib/libopencm3_stm32f3.a(flash_common_f234.o)
 .bss           0x00000000        0x0 ../libopencm3/lib/libopencm3_stm32f3.a(flash_common_f234.o)
 .text.flash_unlock
                0x00000000       0x24 ../libopencm3/lib/libopencm3_stm32f3.a(flash_common_f234.o)
 .text.flash_lock
                0x00000000       0x10 ../libopencm3/lib/libopencm3_stm32f3.a(flash_common_f234.o)
 .text.flash_clear_pgperr_flag
                0x00000000       0x10 ../libopencm3/lib/libopencm3_stm32f3.a(flash_common_f234.o)
 .text.flash_clear_eop_flag
                0x00000000       0x10 ../libopencm3/lib/libopencm3_stm32f3.a(flash_common_f234.o)
 .text.flash_clear_bsy_flag
                0x00000000       0x10 ../libopencm3/lib/libopencm3_stm32f3.a(flash_common_f234.o)
 .text.flash_wait_for_last_operation
                0x00000000       0x10 ../libopencm3/lib/libopencm3_stm32f3.a(flash_common_f234.o)
 .debug_macro   0x00000000      0x802 ../libopencm3/lib/libopencm3_stm32f3.a(flash_common_f234.o)
 .debug_macro   0x00000000      0x214 ../libopencm3/lib/libopencm3_stm32f3.a(flash_common_f234.o)
 .debug_macro   0x00000000       0x22 ../libopencm3/lib/libopencm3_stm32f3.a(flash_common_f234.o)
 .debug_macro   0x00000000       0xfa ../libopencm3/lib/libopencm3_stm32f3.a(flash_common_f234.o)
 .debug_macro   0x00000000       0x52 ../libopencm3/lib/libopencm3_stm32f3.a(flash_common_f234.o)
 .debug_macro   0x00000000      0x18a ../libopencm3/lib/libopencm3_stm32f3.a(flash_common_f234.o)
 .debug_macro   0x00000000       0x64 ../libopencm3/lib/libopencm3_stm32f3.a(flash_common_f234.o)
 .debug_macro   0x00000000       0x88 ../libopencm3/lib/libopencm3_stm32f3.a(flash_common_f234.o)
 .group         0x00000000        0x8 ../libopencm3/lib/libopencm3_stm32f3.a(rcc_common_all.o)
 .group         0x00000000        0x8 ../libopencm3/lib/libopencm3_stm32f3.a(rcc_common_all.o)
 .group         0x00000000        0x8 ../libopencm3/lib/libopencm3_stm32f3.a(rcc_common_all.o)
 .group         0x00000000        0x8 ../libopencm3/lib/libopencm3_stm32f3.a(rcc_common_all.o)
 .group         0x00000000        0x8 ../libopencm3/lib/libopencm3_stm32f3.a(rcc_common_all.o)
 .group         0x00000000        0x8 ../libopencm3/lib/libopencm3_stm32f3.a(rcc_common_all.o)
 .group         0x00000000        0x8 ../libopencm3/lib/libopencm3_stm32f3.a(rcc_common_all.o)
 .text          0x00000000        0x0 ../libopencm3/lib/libopencm3_stm32f3.a(rcc_common_all.o)
 .data          0x00000000        0x0 ../libopencm3/lib/libopencm3_stm32f3.a(rcc_common_all.o)
 .bss           0x00000000        0x0 ../libopencm3/lib/libopencm3_stm32f3.a(rcc_common_all.o)
 .text.rcc_peripheral_enable_clock
                0x00000000        0x8 ../libopencm3/lib/libopencm3_stm32f3.a(rcc_common_all.o)
 .text.rcc_peripheral_disable_clock
                0x00000000        0xa ../libopencm3/lib/libopencm3_stm32f3.a(rcc_common_all.o)
 .text.rcc_peripheral_reset
                0x00000000        0x8 ../libopencm3/lib/libopencm3_stm32f3.a(rcc_common_all.o)
 .text.rcc_peripheral_clear_reset
                0x00000000        0xa ../libopencm3/lib/libopencm3_stm32f3.a(rcc_common_all.o)
 .text.rcc_periph_clock_disable
                0x00000000       0x1e ../libopencm3/lib/libopencm3_stm32f3.a(rcc_common_all.o)
 .text.rcc_periph_reset_pulse
                0x00000000       0x24 ../libopencm3/lib/libopencm3_stm32f3.a(rcc_common_all.o)
 .text.rcc_periph_reset_hold
                0x00000000       0x1c ../libopencm3/lib/libopencm3_stm32f3.a(rcc_common_all.o)
 .text.rcc_periph_reset_release
                0x00000000       0x1e ../libopencm3/lib/libopencm3_stm32f3.a(rcc_common_all.o)
 .text.rcc_set_mco
                0x00000000       0x14 ../libopencm3/lib/libopencm3_stm32f3.a(rcc_common_all.o)
 .debug_macro   0x00000000      0x802 ../libopencm3/lib/libopencm3_stm32f3.a(rcc_common_all.o)
 .debug_macro   0x00000000      0x214 ../libopencm3/lib/libopencm3_stm32f3.a(rcc_common_all.o)
 .debug_macro   0x00000000       0x22 ../libopencm3/lib/libopencm3_stm32f3.a(rcc_common_all.o)
 .debug_macro   0x00000000       0xfa ../libopencm3/lib/libopencm3_stm32f3.a(rcc_common_all.o)
 .debug_macro   0x00000000       0x52 ../libopencm3/lib/libopencm3_stm32f3.a(rcc_common_all.o)
 .debug_macro   0x00000000      0x18a ../libopencm3/lib/libopencm3_stm32f3.a(rcc_common_all.o)
 .debug_macro   0x00000000      0x712 ../libopencm3/lib/libopencm3_stm32f3.a(rcc_common_all.o)
 .group         0x00000000        0x8 ../libopencm3/lib/libopencm3_stm32f3.a(vector.o)
 .group         0x00000000        0x8 ../libopencm3/lib/libopencm3_stm32f3.a(vector.o)
 .group         0x00000000        0x8 ../libopencm3/lib/libopencm3_stm32f3.a(vector.o)
 .group         0x00000000        0x8 ../libopencm3/lib/libopencm3_stm32f3.a(vector.o)
 .group         0x00000000        0x8 ../libopencm3/lib/libopencm3_stm32f3.a(vector.o)
 .group         0x00000000        0x8 ../libopencm3/lib/libopencm3_stm32f3.a(vector.o)
 .group         0x00000000        0x8 ../libopencm3/lib/libopencm3_stm32f3.a(vector.o)
 .group         0x00000000        0x8 ../libopencm3/lib/libopencm3_stm32f3.a(vector.o)
 .text          0x00000000        0x0 ../libopencm3/lib/libopencm3_stm32f3.a(vector.o)
 .data          0x00000000        0x0 ../libopencm3/lib/libopencm3_stm32f3.a(vector.o)
 .bss           0x00000000        0x0 ../libopencm3/lib/libopencm3_stm32f3.a(vector.o)
 .debug_macro   0x00000000      0x802 ../libopencm3/lib/libopencm3_stm32f3.a(vector.o)
 .debug_macro   0x00000000      0x214 ../libopencm3/lib/libopencm3_stm32f3.a(vector.o)
 .debug_macro   0x00000000       0x22 ../libopencm3/lib/libopencm3_stm32f3.a(vector.o)
 .debug_macro   0x00000000       0xfa ../libopencm3/lib/libopencm3_stm32f3.a(vector.o)
 .debug_macro   0x00000000       0x52 ../libopencm3/lib/libopencm3_stm32f3.a(vector.o)
 .group         0x00000000        0x8 ../libopencm3/lib/libopencm3_stm32f3.a(systick.o)
 .group         0x00000000        0x8 ../libopencm3/lib/libopencm3_stm32f3.a(systick.o)
 .group         0x00000000        0x8 ../libopencm3/lib/libopencm3_stm32f3.a(systick.o)
 .group         0x00000000        0x8 ../libopencm3/lib/libopencm3_stm32f3.a(systick.o)
 .group         0x00000000        0x8 ../libopencm3/lib/libopencm3_stm32f3.a(systick.o)
 .group         0x00000000        0x8 ../libopencm3/lib/libopencm3_stm32f3.a(systick.o)
 .text          0x00000000        0x0 ../libopencm3/lib/libopencm3_stm32f3.a(systick.o)
 .data          0x00000000        0x0 ../libopencm3/lib/libopencm3_stm32f3.a(systick.o)
 .bss           0x00000000        0x0 ../libopencm3/lib/libopencm3_stm32f3.a(systick.o)
 .text.systick_get_reload
                0x00000000       0x10 ../libopencm3/lib/libopencm3_stm32f3.a(systick.o)
 .text.systick_get_value
                0x00000000       0x10 ../libopencm3/lib/libopencm3_stm32f3.a(systick.o)
 .text.systick_set_frequency
                0x00000000       0x3c ../libopencm3/lib/libopencm3_stm32f3.a(systick.o)
 .text.systick_interrupt_disable
                0x00000000       0x10 ../libopencm3/lib/libopencm3_stm32f3.a(systick.o)
 .text.systick_counter_disable
                0x00000000       0x10 ../libopencm3/lib/libopencm3_stm32f3.a(systick.o)
 .text.systick_get_countflag
                0x00000000       0x10 ../libopencm3/lib/libopencm3_stm32f3.a(systick.o)
 .text.systick_clear
                0x00000000        0xc ../libopencm3/lib/libopencm3_stm32f3.a(systick.o)
 .text.systick_get_calib
                0x00000000       0x10 ../libopencm3/lib/libopencm3_stm32f3.a(systick.o)
 .debug_macro   0x00000000      0x802 ../libopencm3/lib/libopencm3_stm32f3.a(systick.o)
 .debug_macro   0x00000000       0x52 ../libopencm3/lib/libopencm3_stm32f3.a(systick.o)
 .debug_macro   0x00000000      0x214 ../libopencm3/lib/libopencm3_stm32f3.a(systick.o)
 .debug_macro   0x00000000       0x22 ../libopencm3/lib/libopencm3_stm32f3.a(systick.o)
 .debug_macro   0x00000000       0xfa ../libopencm3/lib/libopencm3_stm32f3.a(systick.o)
 .group         0x00000000        0x8 ../libopencm3/lib/libopencm3_stm32f3.a(assert.o)
 .group         0x00000000        0x8 ../libopencm3/lib/libopencm3_stm32f3.a(assert.o)
 .group         0x00000000        0x8 ../libopencm3/lib/libopencm3_stm32f3.a(assert.o)
 .group         0x00000000        0x8 ../libopencm3/lib/libopencm3_stm32f3.a(assert.o)
 .group         0x00000000        0x8 ../libopencm3/lib/libopencm3_stm32f3.a(assert.o)
 .text          0x00000000        0x0 ../libopencm3/lib/libopencm3_stm32f3.a(assert.o)
 .data          0x00000000        0x0 ../libopencm3/lib/libopencm3_stm32f3.a(assert.o)
 .bss           0x00000000        0x0 ../libopencm3/lib/libopencm3_stm32f3.a(assert.o)
 .text.cm3_assert_failed
                0x00000000        0x2 ../libopencm3/lib/libopencm3_stm32f3.a(assert.o)
 .text.cm3_assert_failed_verbose
                0x00000000        0x6 ../libopencm3/lib/libopencm3_stm32f3.a(assert.o)
 .debug_info    0x00000000       0xfb ../libopencm3/lib/libopencm3_stm32f3.a(assert.o)
 .debug_abbrev  0x00000000       0x8b ../libopencm3/lib/libopencm3_stm32f3.a(assert.o)
 .debug_loc     0x00000000       0xa4 ../libopencm3/lib/libopencm3_stm32f3.a(assert.o)
 .debug_aranges
                0x00000000       0x28 ../libopencm3/lib/libopencm3_stm32f3.a(assert.o)
 .debug_ranges  0x00000000       0x18 ../libopencm3/lib/libopencm3_stm32f3.a(assert.o)
 .debug_macro   0x00000000       0x4b ../libopencm3/lib/libopencm3_stm32f3.a(assert.o)
 .debug_macro   0x00000000      0x802 ../libopencm3/lib/libopencm3_stm32f3.a(assert.o)
 .debug_macro   0x00000000      0x214 ../libopencm3/lib/libopencm3_stm32f3.a(assert.o)
 .debug_macro   0x00000000       0x22 ../libopencm3/lib/libopencm3_stm32f3.a(assert.o)
 .debug_macro   0x00000000       0xfa ../libopencm3/lib/libopencm3_stm32f3.a(assert.o)
 .debug_macro   0x00000000       0x16 ../libopencm3/lib/libopencm3_stm32f3.a(assert.o)
 .debug_line    0x00000000      0x178 ../libopencm3/lib/libopencm3_stm32f3.a(assert.o)
 .debug_str     0x00000000     0x2fe4 ../libopencm3/lib/libopencm3_stm32f3.a(assert.o)
 .comment       0x00000000       0x71 ../libopencm3/lib/libopencm3_stm32f3.a(assert.o)
 .ARM.attributes
                0x00000000       0x3b ../libopencm3/lib/libopencm3_stm32f3.a(assert.o)
 .debug_frame   0x00000000       0x38 ../libopencm3/lib/libopencm3_stm32f3.a(assert.o)

Memory Configuration

Name             Origin             Length             Attributes
rom              0x08000000         0x00040000         xr
ram              0x20000000         0x0000a000         xrw
*default*        0x00000000         0xffffffff

Linker script and memory map

LOAD systick_demo.o
LOAD ../libopencm3/lib/libopencm3_stm32f3.a
START GROUP
LOAD /home/aghosh01/gcc-arm-none-eabi-4_7-2012q4/bin/../lib/gcc/arm-none-eabi/4.7.3/../../../../arm-none-eabi/lib/armv7e-m/fpu/libc.a
LOAD /home/aghosh01/gcc-arm-none-eabi-4_7-2012q4/bin/../lib/gcc/arm-none-eabi/4.7.3/armv7e-m/fpu/libgcc.a
LOAD /home/aghosh01/gcc-arm-none-eabi-4_7-2012q4/bin/../lib/gcc/arm-none-eabi/4.7.3/../../../../arm-none-eabi/lib/armv7e-m/fpu/libnosys.a
END GROUP
START GROUP
LOAD /home/aghosh01/gcc-arm-none-eabi-4_7-2012q4/bin/../lib/gcc/arm-none-eabi/4.7.3/armv7e-m/fpu/libgcc.a
LOAD /home/aghosh01/gcc-arm-none-eabi-4_7-2012q4/bin/../lib/gcc/arm-none-eabi/4.7.3/../../../../arm-none-eabi/lib/armv7e-m/fpu/libc.a
END GROUP

.text           0x08000000      0x5f4
 *(.vectors)
 .vectors       0x08000000      0x184 ../libopencm3/lib/libopencm3_stm32f3.a(vector.o)
                0x08000000                vector_table
 *(.text*)
 .text.sys_tick_handler
                0x08000184       0x28 systick_demo.o
                0x08000184                sys_tick_handler
 .text.startup.main
                0x080001ac       0x4c systick_demo.o
                0x080001ac                main
 .text.rcc_wait_for_osc_ready
                0x080001f8       0x4c ../libopencm3/lib/libopencm3_stm32f3.a(rcc.o)
                0x080001f8                rcc_wait_for_osc_ready
 .text.rcc_wait_for_osc_not_ready
                0x08000244       0x4c ../libopencm3/lib/libopencm3_stm32f3.a(rcc.o)
                0x08000244                rcc_wait_for_osc_not_ready
 .text.rcc_wait_for_sysclk_status
                0x08000290       0x38 ../libopencm3/lib/libopencm3_stm32f3.a(rcc.o)
                0x08000290                rcc_wait_for_sysclk_status
 .text.rcc_osc_on
                0x080002c8       0x44 ../libopencm3/lib/libopencm3_stm32f3.a(rcc.o)
                0x080002c8                rcc_osc_on
 .text.rcc_osc_off
                0x0800030c       0x44 ../libopencm3/lib/libopencm3_stm32f3.a(rcc.o)
                0x0800030c                rcc_osc_off
 .text.rcc_set_sysclk_source
                0x08000350       0x14 ../libopencm3/lib/libopencm3_stm32f3.a(rcc.o)
                0x08000350                rcc_set_sysclk_source
 .text.rcc_set_pll_source
                0x08000364       0x14 ../libopencm3/lib/libopencm3_stm32f3.a(rcc.o)
                0x08000364                rcc_set_pll_source
 .text.rcc_set_ppre2
                0x08000378       0x14 ../libopencm3/lib/libopencm3_stm32f3.a(rcc.o)
                0x08000378                rcc_set_ppre2
 .text.rcc_set_ppre1
                0x0800038c       0x14 ../libopencm3/lib/libopencm3_stm32f3.a(rcc.o)
                0x0800038c                rcc_set_ppre1
 .text.rcc_set_hpre
                0x080003a0       0x14 ../libopencm3/lib/libopencm3_stm32f3.a(rcc.o)
                0x080003a0                rcc_set_hpre
 .text.rcc_set_main_pll_hsi
                0x080003b4       0x14 ../libopencm3/lib/libopencm3_stm32f3.a(rcc.o)
                0x080003b4                rcc_set_main_pll_hsi
 .text.rcc_clock_setup_hsi
                0x080003c8       0x8c ../libopencm3/lib/libopencm3_stm32f3.a(rcc.o)
                0x080003c8                rcc_clock_setup_hsi
 .text.gpio_toggle
                0x08000454       0x10 ../libopencm3/lib/libopencm3_stm32f3.a(gpio_common_all.o)
                0x08000454                gpio_toggle
 .text.gpio_mode_setup
                0x08000464       0x46 ../libopencm3/lib/libopencm3_stm32f3.a(gpio_common_f0234.o)
                0x08000464                gpio_mode_setup
 *fill*         0x080004aa        0x2 00
 .text.flash_set_ws
                0x080004ac       0x14 ../libopencm3/lib/libopencm3_stm32f3.a(flash_common_f234.o)
                0x080004ac                flash_set_ws
 .text.rcc_periph_clock_enable
                0x080004c0       0x1c ../libopencm3/lib/libopencm3_stm32f3.a(rcc_common_all.o)
                0x080004c0                rcc_periph_clock_enable
 .text.blocking_handler
                0x080004dc        0x2 ../libopencm3/lib/libopencm3_stm32f3.a(vector.o)
                0x080004dc                usb_lp_isr
                0x080004dc                i2c2_ev_exti24_isr
                0x080004dc                usb_hp_isr
                0x080004dc                tim7_isr
                0x080004dc                reserved_12_isr
                0x080004dc                adc1_2_isr
                0x080004dc                reserved_11_isr
                0x080004dc                reserved_7_isr
                0x080004dc                reserved_13_isr
                0x080004dc                blocking_handler
                0x080004dc                rtc_wkup_isr
                0x080004dc                tim1_up_tim16_isr
                0x080004dc                spi1_isr
                0x080004dc                dma1_channel6_isr
                0x080004dc                reserved_5_isr
                0x080004dc                dma1_channel5_isr
                0x080004dc                dma2_channel5_isr
                0x080004dc                tamp_stamp_isr
                0x080004dc                can1_rx1_isr
                0x080004dc                usage_fault_handler
                0x080004dc                tim8_trg_com_isr
                0x080004dc                i2c1_ev_exti23_isr
                0x080004dc                tim1_trg_com_tim17_isr
                0x080004dc                reserved_15_isr
                0x080004dc                usb_wkup_isr
                0x080004dc                can1_sce_isr
                0x080004dc                reserved_3_isr
                0x080004dc                tim1_cc_isr
                0x080004dc                eth_isr
                0x080004dc                reserved_14_isr
                0x080004dc                dma1_channel4_isr
                0x080004dc                tim8_brk_isr
                0x080004dc                dma2_channel4_isr
                0x080004dc                pvd_isr
                0x080004dc                comp123_isr
                0x080004dc                comp456_isr
                0x080004dc                rcc_isr
                0x080004dc                reserved_8_isr
                0x080004dc                flash_isr
                0x080004dc                rtc_alarm_isr
                0x080004dc                reserved_2_isr
                0x080004dc                exti15_10_isr
                0x080004dc                hard_fault_handler
                0x080004dc                exti1_isr
                0x080004dc                dma2_channel1_isr
                0x080004dc                spi2_isr
                0x080004dc                reserved_9_isr
                0x080004dc                nvic_wwdg_isr
                0x080004dc                tim8_up_isr
                0x080004dc                usart1_exti25_isr
                0x080004dc                dma2_channel2_isr
                0x080004dc                adc3_isr
                0x080004dc                exti3_isr
                0x080004dc                tim3_isr
                0x080004dc                i2c2_er_isr
                0x080004dc                reserved_1_isr
                0x080004dc                dma1_channel1_isr
                0x080004dc                exti4_isr
                0x080004dc                tim6_dac_isr
                0x080004dc                mem_manage_handler
                0x080004dc                exti9_5_isr
                0x080004dc                dma2_channel3_isr
                0x080004dc                usb_hp_can1_tx_isr
                0x080004dc                dma1_channel7_isr
                0x080004dc                usart3_exti28_isr
                0x080004dc                reserved_6_isr
                0x080004dc                tim4_isr
                0x080004dc                usb_lp_can1_rx0_isr
                0x080004dc                dma1_channel2_isr
                0x080004dc                i2c1_er_isr
                0x080004dc                tim8_cc_isr
                0x080004dc                comp7_isr
                0x080004dc                uart5_exti35_isr
                0x080004dc                reserved_4_isr
                0x080004dc                bus_fault_handler
                0x080004dc                tim1_brk_tim15_isr
                0x080004dc                dma1_channel3_isr
                0x080004dc                uart4_exti34_isr
                0x080004dc                usart2_exti26_isr
                0x080004dc                spi3_isr
                0x080004dc                reserved_10_isr
                0x080004dc                tim2_isr
                0x080004dc                reserved_16_isr
                0x080004dc                exti2_tsc_isr
                0x080004dc                usb_wkup_a_isr
                0x080004dc                exti0_isr
 .text.null_handler
                0x080004de        0x2 ../libopencm3/lib/libopencm3_stm32f3.a(vector.o)
                0x080004de                null_handler
                0x080004de                sv_call_handler
                0x080004de                pend_sv_handler
                0x080004de                debug_monitor_handler
                0x080004de                nmi_handler
 .text.reset_handler
                0x080004e0       0x90 ../libopencm3/lib/libopencm3_stm32f3.a(vector.o)
                0x080004e0                reset_handler
 .text.systick_set_reload
                0x08000570       0x10 ../libopencm3/lib/libopencm3_stm32f3.a(systick.o)
                0x08000570                systick_set_reload
 .text.systick_set_clocksource
                0x08000580       0x18 ../libopencm3/lib/libopencm3_stm32f3.a(systick.o)
                0x08000580                systick_set_clocksource
 .text.systick_interrupt_enable
                0x08000598       0x10 ../libopencm3/lib/libopencm3_stm32f3.a(systick.o)
                0x08000598                systick_interrupt_enable
 .text.systick_counter_enable
                0x080005a8       0x10 ../libopencm3/lib/libopencm3_stm32f3.a(systick.o)
                0x080005a8                systick_counter_enable
                0x080005b8                . = ALIGN (0x4)
 *(.rodata*)
 .rodata.hsi_8mhz
                0x080005b8       0x3c ../libopencm3/lib/libopencm3_stm32f3.a(rcc.o)
                0x080005b8                hsi_8mhz
                0x080005f4                . = ALIGN (0x4)

.glue_7         0x080005f4        0x0
 .glue_7        0x00000000        0x0 linker stubs

.glue_7t        0x080005f4        0x0
 .glue_7t       0x00000000        0x0 linker stubs

.vfp11_veneer   0x080005f4        0x0
 .vfp11_veneer  0x00000000        0x0 linker stubs

.v4_bx          0x080005f4        0x0
 .v4_bx         0x00000000        0x0 linker stubs

.iplt           0x080005f4        0x0
 .iplt          0x00000000        0x0 systick_demo.o

.rel.dyn        0x080005f4        0x0
 .rel.iplt      0x00000000        0x0 systick_demo.o

.preinit_array  0x080005f4        0x0
                0x080005f4                . = ALIGN (0x4)
                0x080005f4                __preinit_array_start = .
 *(.preinit_array)
                0x080005f4                __preinit_array_end = .

.init_array     0x080005f4        0x0
                0x080005f4                . = ALIGN (0x4)
                0x080005f4                __init_array_start = .
 *(SORT(.init_array.*))
 *(.init_array)
                0x080005f4                __init_array_end = .

.fini_array     0x080005f4        0x0
                0x080005f4                . = ALIGN (0x4)
                0x080005f4                __fini_array_start = .
 *(.fini_array)
 *(SORT(.fini_array.*))
                0x080005f4                __fini_array_end = .

.ARM.extab
 *(.ARM.extab*)

.ARM.exidx      0x080005f4        0x0
                0x080005f4                __exidx_start = .
 *(.ARM.exidx*)
                0x080005f4                __exidx_end = .
                0x080005f4                . = ALIGN (0x4)
                0x080005f4                _etext = .

.data           0x20000000        0x8 load address 0x080005f4
                0x20000000                _data = .
 *(.data*)
 .data.rcc_apb1_frequency
                0x20000000        0x4 ../libopencm3/lib/libopencm3_stm32f3.a(rcc.o)
                0x20000000                rcc_apb1_frequency
 .data.rcc_apb2_frequency
                0x20000004        0x4 ../libopencm3/lib/libopencm3_stm32f3.a(rcc.o)
                0x20000004                rcc_apb2_frequency
                0x20000008                . = ALIGN (0x4)
                0x20000008                _edata = .
                0x080005f4                _data_loadaddr = LOADADDR (.data)

.igot.plt       0x20000008        0x0 load address 0x080005fc
 .igot.plt      0x00000000        0x0 systick_demo.o

.bss            0x20000008        0x4 load address 0x080005fc
 *(.bss*)
 .bss.led_counter
                0x20000008        0x4 systick_demo.o
 *(COMMON)
                0x2000000c                . = ALIGN (0x4)
                0x2000000c                _ebss = .

/DISCARD/
 *(.eh_frame)
                0x2000000c                . = ALIGN (0x4)
                0x2000000c                end = .
                0x2000a000                PROVIDE (_stack, (ORIGIN (ram) + 0xa000))
OUTPUT(systick_demo.elf elf32-littlearm)

.debug_info     0x00000000     0x1d38
 .debug_info    0x00000000      0x51d systick_demo.o
 .debug_info    0x0000051d      0x871 ../libopencm3/lib/libopencm3_stm32f3.a(rcc.o)
 .debug_info    0x00000d8e      0x238 ../libopencm3/lib/libopencm3_stm32f3.a(gpio_common_all.o)
 .debug_info    0x00000fc6      0x1dd ../libopencm3/lib/libopencm3_stm32f3.a(gpio_common_f0234.o)
 .debug_info    0x000011a3      0x134 ../libopencm3/lib/libopencm3_stm32f3.a(flash_common_f234.o)
 .debug_info    0x000012d7      0x53f ../libopencm3/lib/libopencm3_stm32f3.a(rcc_common_all.o)
 .debug_info    0x00001816      0x2f0 ../libopencm3/lib/libopencm3_stm32f3.a(vector.o)
 .debug_info    0x00001b06      0x232 ../libopencm3/lib/libopencm3_stm32f3.a(systick.o)

.debug_abbrev   0x00000000      0x9f4
 .debug_abbrev  0x00000000      0x1bc systick_demo.o
 .debug_abbrev  0x000001bc      0x2bc ../libopencm3/lib/libopencm3_stm32f3.a(rcc.o)
 .debug_abbrev  0x00000478      0x110 ../libopencm3/lib/libopencm3_stm32f3.a(gpio_common_all.o)
 .debug_abbrev  0x00000588       0xb9 ../libopencm3/lib/libopencm3_stm32f3.a(gpio_common_f0234.o)
 .debug_abbrev  0x00000641       0x8c ../libopencm3/lib/libopencm3_stm32f3.a(flash_common_f234.o)
 .debug_abbrev  0x000006cd       0xc3 ../libopencm3/lib/libopencm3_stm32f3.a(rcc_common_all.o)
 .debug_abbrev  0x00000790      0x13c ../libopencm3/lib/libopencm3_stm32f3.a(vector.o)
 .debug_abbrev  0x000008cc      0x128 ../libopencm3/lib/libopencm3_stm32f3.a(systick.o)

.debug_loc      0x00000000      0xb52
 .debug_loc     0x00000000       0x20 systick_demo.o
 .debug_loc     0x00000020      0x642 ../libopencm3/lib/libopencm3_stm32f3.a(rcc.o)
 .debug_loc     0x00000662       0x97 ../libopencm3/lib/libopencm3_stm32f3.a(gpio_common_all.o)
 .debug_loc     0x000006f9       0xe7 ../libopencm3/lib/libopencm3_stm32f3.a(gpio_common_f0234.o)
 .debug_loc     0x000007e0       0x4a ../libopencm3/lib/libopencm3_stm32f3.a(flash_common_f234.o)
 .debug_loc     0x0000082a      0x14a ../libopencm3/lib/libopencm3_stm32f3.a(rcc_common_all.o)
 .debug_loc     0x00000974       0xcb ../libopencm3/lib/libopencm3_stm32f3.a(vector.o)
 .debug_loc     0x00000a3f      0x113 ../libopencm3/lib/libopencm3_stm32f3.a(systick.o)

.debug_aranges  0x00000000      0x308
 .debug_aranges
                0x00000000       0x28 systick_demo.o
 .debug_aranges
                0x00000028      0x100 ../libopencm3/lib/libopencm3_stm32f3.a(rcc.o)
 .debug_aranges
                0x00000128       0x50 ../libopencm3/lib/libopencm3_stm32f3.a(gpio_common_all.o)
 .debug_aranges
                0x00000178       0x30 ../libopencm3/lib/libopencm3_stm32f3.a(gpio_common_f0234.o)
 .debug_aranges
                0x000001a8       0x50 ../libopencm3/lib/libopencm3_stm32f3.a(flash_common_f234.o)
 .debug_aranges
                0x000001f8       0x68 ../libopencm3/lib/libopencm3_stm32f3.a(rcc_common_all.o)
 .debug_aranges
                0x00000260       0x30 ../libopencm3/lib/libopencm3_stm32f3.a(vector.o)
 .debug_aranges
                0x00000290       0x78 ../libopencm3/lib/libopencm3_stm32f3.a(systick.o)

.debug_ranges   0x00000000      0x2a0
 .debug_ranges  0x00000000       0x30 systick_demo.o
 .debug_ranges  0x00000030       0xf0 ../libopencm3/lib/libopencm3_stm32f3.a(rcc.o)
 .debug_ranges  0x00000120       0x40 ../libopencm3/lib/libopencm3_stm32f3.a(gpio_common_all.o)
 .debug_ranges  0x00000160       0x20 ../libopencm3/lib/libopencm3_stm32f3.a(gpio_common_f0234.o)
 .debug_ranges  0x00000180       0x40 ../libopencm3/lib/libopencm3_stm32f3.a(flash_common_f234.o)
 .debug_ranges  0x000001c0       0x58 ../libopencm3/lib/libopencm3_stm32f3.a(rcc_common_all.o)
 .debug_ranges  0x00000218       0x20 ../libopencm3/lib/libopencm3_stm32f3.a(vector.o)
 .debug_ranges  0x00000238       0x68 ../libopencm3/lib/libopencm3_stm32f3.a(systick.o)

.debug_line     0x00000000     0x1672
 .debug_line    0x00000000      0x1c0 systick_demo.o
 .debug_line    0x000001c0      0x4ce ../libopencm3/lib/libopencm3_stm32f3.a(rcc.o)
 .debug_line    0x0000068e      0x2b1 ../libopencm3/lib/libopencm3_stm32f3.a(gpio_common_all.o)
 .debug_line    0x0000093f      0x2ac ../libopencm3/lib/libopencm3_stm32f3.a(gpio_common_f0234.o)
 .debug_line    0x00000beb      0x2a5 ../libopencm3/lib/libopencm3_stm32f3.a(flash_common_f234.o)
 .debug_line    0x00000e90      0x2c0 ../libopencm3/lib/libopencm3_stm32f3.a(rcc_common_all.o)
 .debug_line    0x00001150      0x2d4 ../libopencm3/lib/libopencm3_stm32f3.a(vector.o)
 .debug_line    0x00001424      0x24e ../libopencm3/lib/libopencm3_stm32f3.a(systick.o)

.debug_str      0x00000000     0xb3eb
 .debug_str     0x00000000      0x439 systick_demo.o
                                0x4fd (size before relaxing)
 .debug_str     0x00000439     0x7138 ../libopencm3/lib/libopencm3_stm32f3.a(rcc.o)
                               0x72fa (size before relaxing)
 .debug_str     0x00007571      0xdd7 ../libopencm3/lib/libopencm3_stm32f3.a(gpio_common_all.o)
                               0x4871 (size before relaxing)
 .debug_str     0x00008348       0x8a ../libopencm3/lib/libopencm3_stm32f3.a(gpio_common_f0234.o)
                               0x486e (size before relaxing)
 .debug_str     0x000083d2       0x96 ../libopencm3/lib/libopencm3_stm32f3.a(flash_common_f234.o)
                               0x3fdb (size before relaxing)
 .debug_str     0x00008468      0x331 ../libopencm3/lib/libopencm3_stm32f3.a(rcc_common_all.o)
                               0x5ec3 (size before relaxing)
 .debug_str     0x00008799     0x2962 ../libopencm3/lib/libopencm3_stm32f3.a(vector.o)
                               0x59c5 (size before relaxing)
 .debug_str     0x0000b0fb      0x2f0 ../libopencm3/lib/libopencm3_stm32f3.a(systick.o)
                               0x339f (size before relaxing)

.comment        0x00000000       0x70
 .comment       0x00000000       0x70 systick_demo.o
                                 0x71 (size before relaxing)
 .comment       0x00000000       0x71 ../libopencm3/lib/libopencm3_stm32f3.a(rcc.o)
 .comment       0x00000000       0x71 ../libopencm3/lib/libopencm3_stm32f3.a(gpio_common_all.o)
 .comment       0x00000000       0x71 ../libopencm3/lib/libopencm3_stm32f3.a(gpio_common_f0234.o)
 .comment       0x00000000       0x71 ../libopencm3/lib/libopencm3_stm32f3.a(flash_common_f234.o)
 .comment       0x00000000       0x71 ../libopencm3/lib/libopencm3_stm32f3.a(rcc_common_all.o)
 .comment       0x00000000       0x71 ../libopencm3/lib/libopencm3_stm32f3.a(vector.o)
 .comment       0x00000000       0x71 ../libopencm3/lib/libopencm3_stm32f3.a(systick.o)

.ARM.attributes
                0x00000000       0x3b
 .ARM.attributes
                0x00000000       0x3b systick_demo.o
 .ARM.attributes
                0x0000003b       0x3b ../libopencm3/lib/libopencm3_stm32f3.a(rcc.o)
 .ARM.attributes
                0x00000076       0x3b ../libopencm3/lib/libopencm3_stm32f3.a(gpio_common_all.o)
 .ARM.attributes
                0x000000b1       0x3b ../libopencm3/lib/libopencm3_stm32f3.a(gpio_common_f0234.o)
 .ARM.attributes
                0x000000ec       0x3b ../libopencm3/lib/libopencm3_stm32f3.a(flash_common_f234.o)
 .ARM.attributes
                0x00000127       0x3b ../libopencm3/lib/libopencm3_stm32f3.a(rcc_common_all.o)
 .ARM.attributes
                0x00000162       0x3b ../libopencm3/lib/libopencm3_stm32f3.a(vector.o)
 .ARM.attributes
                0x0000019d       0x3b ../libopencm3/lib/libopencm3_stm32f3.a(systick.o)

.debug_frame    0x00000000      0x55c
 .debug_frame   0x00000000       0x38 systick_demo.o
 .debug_frame   0x00000038      0x1f0 ../libopencm3/lib/libopencm3_stm32f3.a(rcc.o)
 .debug_frame   0x00000228       0x80 ../libopencm3/lib/libopencm3_stm32f3.a(gpio_common_all.o)
 .debug_frame   0x000002a8       0x6c ../libopencm3/lib/libopencm3_stm32f3.a(gpio_common_f0234.o)
 .debug_frame   0x00000314       0x80 ../libopencm3/lib/libopencm3_stm32f3.a(flash_common_f234.o)
 .debug_frame   0x00000394       0xb0 ../libopencm3/lib/libopencm3_stm32f3.a(rcc_common_all.o)
 .debug_frame   0x00000444       0x40 ../libopencm3/lib/libopencm3_stm32f3.a(vector.o)
 .debug_frame   0x00000484       0xd8 ../libopencm3/lib/libopencm3_stm32f3.a(systick.o)

.debug_macro    0x00000000     0x265c
 .debug_macro   0x00000000       0xae ../libopencm3/lib/libopencm3_stm32f3.a(rcc.o)
 .debug_macro   0x000000ae      0x802 ../libopencm3/lib/libopencm3_stm32f3.a(rcc.o)
 .debug_macro   0x000008b0      0x214 ../libopencm3/lib/libopencm3_stm32f3.a(rcc.o)
 .debug_macro   0x00000ac4       0x22 ../libopencm3/lib/libopencm3_stm32f3.a(rcc.o)
 .debug_macro   0x00000ae6       0xfa ../libopencm3/lib/libopencm3_stm32f3.a(rcc.o)
 .debug_macro   0x00000be0       0x16 ../libopencm3/lib/libopencm3_stm32f3.a(rcc.o)
 .debug_macro   0x00000bf6       0x52 ../libopencm3/lib/libopencm3_stm32f3.a(rcc.o)
 .debug_macro   0x00000c48      0x18a ../libopencm3/lib/libopencm3_stm32f3.a(rcc.o)
 .debug_macro   0x00000dd2      0x712 ../libopencm3/lib/libopencm3_stm32f3.a(rcc.o)
 .debug_macro   0x000014e4       0x64 ../libopencm3/lib/libopencm3_stm32f3.a(rcc.o)
 .debug_macro   0x00001548       0x88 ../libopencm3/lib/libopencm3_stm32f3.a(rcc.o)
 .debug_macro   0x000015d0      0x3c9 ../libopencm3/lib/libopencm3_stm32f3.a(rcc.o)
 .debug_macro   0x00001999       0x8a ../libopencm3/lib/libopencm3_stm32f3.a(gpio_common_all.o)
 .debug_macro   0x00001a23       0x76 ../libopencm3/lib/libopencm3_stm32f3.a(gpio_common_all.o)
 .debug_macro   0x00001a99      0x2e6 ../libopencm3/lib/libopencm3_stm32f3.a(gpio_common_all.o)
 .debug_macro   0x00001d7f       0x84 ../libopencm3/lib/libopencm3_stm32f3.a(gpio_common_f0234.o)
 .debug_macro   0x00001e03       0x7a ../libopencm3/lib/libopencm3_stm32f3.a(flash_common_f234.o)
 .debug_macro   0x00001e7d       0x90 ../libopencm3/lib/libopencm3_stm32f3.a(rcc_common_all.o)
 .debug_macro   0x00001f0d       0x95 ../libopencm3/lib/libopencm3_stm32f3.a(vector.o)
 .debug_macro   0x00001fa2       0x6b ../libopencm3/lib/libopencm3_stm32f3.a(vector.o)
 .debug_macro   0x0000200d      0x1f0 ../libopencm3/lib/libopencm3_stm32f3.a(vector.o)
 .debug_macro   0x000021fd      0x3a7 ../libopencm3/lib/libopencm3_stm32f3.a(vector.o)
 .debug_macro   0x000025a4       0x54 ../libopencm3/lib/libopencm3_stm32f3.a(systick.o)
 .debug_macro   0x000025f8       0x64 ../libopencm3/lib/libopencm3_stm32f3.a(systick.o)
